Vivado Simulator v2024.2.0
Copyright 1986-2022 Xilinx, Inc. All Rights Reserved.
Copyright 2022-2024 Advanced Micro Devices, Inc. All Rights Reserved.
Running: D:/Xilinx/Vivado/2024.2/bin/unwrapped/win64.o/xelab.exe --incr --debug typical --relax --mt 2 -L xil_defaultlib -L unisims_ver -L unimacro_ver -L secureip -L xpm --snapshot tb_design_random_behav xil_defaultlib.tb_design_random xil_defaultlib.glbl -log elaborate.log 
Using 2 slave threads.
Starting static elaboration
Pass Through NonSizing Optimizer
Completed static elaboration
Starting simulation data flow analysis
Completed simulation data flow analysis
Time Resolution for simulation is 1ps
Compiling module xil_defaultlib.dff_module1
Compiling module xil_defaultlib.design_random_dff_module1_0_0
Compiling module xil_defaultlib.design_random_dff_module1_1_0
Compiling module xil_defaultlib.design_random_dff_module1_2_0
Compiling module xil_defaultlib.design_random_dff_module1_3_0
Compiling module xil_defaultlib.design_random_dff_module1_4_0
Compiling module xil_defaultlib.design_random_dff_module1_5_0
Compiling module xil_defaultlib.design_random_dff_module1_6_0
Compiling module xil_defaultlib.inverter_real
Compiling module xil_defaultlib.design_random_inverter_real_0_0
Compiling module xil_defaultlib.design_random_inverter_real_1_0
Compiling module xil_defaultlib.design_random_inverter_real_10_0
Compiling module xil_defaultlib.design_random_inverter_real_11_0
Compiling module xil_defaultlib.design_random_inverter_real_12_0
Compiling module xil_defaultlib.design_random_inverter_real_2_0
Compiling module xil_defaultlib.design_random_inverter_real_3_0
Compiling module xil_defaultlib.design_random_inverter_real_4_0
Compiling module xil_defaultlib.design_random_inverter_real_5_0
Compiling module xil_defaultlib.design_random_inverter_real_6_0
Compiling module xil_defaultlib.design_random_inverter_real_7_0
Compiling module xil_defaultlib.design_random_inverter_real_8_0
Compiling module xil_defaultlib.design_random_inverter_real_9_0
Compiling module xil_defaultlib.nand_module
Compiling module xil_defaultlib.design_random_nand_module_0_0
Compiling module xil_defaultlib.design_random_nand_module_1_0
Compiling module xil_defaultlib.design_random_nand_module_2_0
Compiling module xil_defaultlib.design_random_nand_module_3_0
Compiling module xil_defaultlib.design_random_nand_module_5_0
Compiling module xil_defaultlib.design_random_nand_module_6_0
Compiling module xil_defaultlib.xor_3
Compiling module xil_defaultlib.design_random_xor_3_0_0
Compiling module xil_defaultlib.xor_4
Compiling module xil_defaultlib.design_random_xor_4_0_0
Compiling module xil_defaultlib.design_random
Compiling module xil_defaultlib.design_random_wrapper
Compiling module xil_defaultlib.tb_design_random
Compiling module xil_defaultlib.glbl
Built simulation snapshot tb_design_random_behav
