INFO: [VRFC 10-2263] Analyzing Verilog file "C:/Users/Octa476/Desktop/Random_generator_module/random_generator_project/random_generator_project.srcs/sources_1/new/nand_module.v" into library xil_defaultlib
INFO: [VRFC 10-311] analyzing module nand_module
INFO: [VRFC 10-2263] Analyzing Verilog file "C:/Users/Octa476/Desktop/Random_generator_module/random_generator_project/random_generator_project.srcs/sources_1/new/xor_4.v" into library xil_defaultlib
INFO: [VRFC 10-311] analyzing module xor_4
INFO: [VRFC 10-2263] Analyzing Verilog file "C:/Users/Octa476/Desktop/Random_generator_module/random_generator_project/random_generator_project.srcs/sources_1/new/xor_3.v" into library xil_defaultlib
INFO: [VRFC 10-311] analyzing module xor_3
INFO: [VRFC 10-2263] Analyzing Verilog file "C:/Users/Octa476/Desktop/Random_generator_module/random_generator_project/random_generator_project.srcs/sources_1/new/dff_module1.v" into library xil_defaultlib
INFO: [VRFC 10-311] analyzing module dff_module1
INFO: [VRFC 10-2263] Analyzing Verilog file "C:/Users/Octa476/Desktop/Random_generator_module/random_generator_project/random_generator_project.srcs/sources_1/new/inverter_real.v" into library xil_defaultlib
INFO: [VRFC 10-311] analyzing module inverter_real
INFO: [VRFC 10-2263] Analyzing Verilog file "C:/Users/Octa476/Desktop/Random_generator_module/random_generator_project/random_generator_project.ip_user_files/bd/design_random/ip/design_random_nand_module_0_0/sim/design_random_nand_module_0_0.v" into library xil_defaultlib
INFO: [VRFC 10-311] analyzing module design_random_nand_module_0_0
INFO: [VRFC 10-2263] Analyzing Verilog file "C:/Users/Octa476/Desktop/Random_generator_module/random_generator_project/random_generator_project.ip_user_files/bd/design_random/ip/design_random_nand_module_1_0/sim/design_random_nand_module_1_0.v" into library xil_defaultlib
INFO: [VRFC 10-311] analyzing module design_random_nand_module_1_0
INFO: [VRFC 10-2263] Analyzing Verilog file "C:/Users/Octa476/Desktop/Random_generator_module/random_generator_project/random_generator_project.ip_user_files/bd/design_random/ip/design_random_nand_module_2_0/sim/design_random_nand_module_2_0.v" into library xil_defaultlib
INFO: [VRFC 10-311] analyzing module design_random_nand_module_2_0
INFO: [VRFC 10-2263] Analyzing Verilog file "C:/Users/Octa476/Desktop/Random_generator_module/random_generator_project/random_generator_project.ip_user_files/bd/design_random/ip/design_random_nand_module_3_0/sim/design_random_nand_module_3_0.v" into library xil_defaultlib
INFO: [VRFC 10-311] analyzing module design_random_nand_module_3_0
INFO: [VRFC 10-2263] Analyzing Verilog file "C:/Users/Octa476/Desktop/Random_generator_module/random_generator_project/random_generator_project.ip_user_files/bd/design_random/ip/design_random_xor_4_0_0/sim/design_random_xor_4_0_0.v" into library xil_defaultlib
INFO: [VRFC 10-311] analyzing module design_random_xor_4_0_0
INFO: [VRFC 10-2263] Analyzing Verilog file "C:/Users/Octa476/Desktop/Random_generator_module/random_generator_project/random_generator_project.ip_user_files/bd/design_random/ip/design_random_nand_module_5_0/sim/design_random_nand_module_5_0.v" into library xil_defaultlib
INFO: [VRFC 10-311] analyzing module design_random_nand_module_5_0
INFO: [VRFC 10-2263] Analyzing Verilog file "C:/Users/Octa476/Desktop/Random_generator_module/random_generator_project/random_generator_project.ip_user_files/bd/design_random/ip/design_random_nand_module_6_0/sim/design_random_nand_module_6_0.v" into library xil_defaultlib
INFO: [VRFC 10-311] analyzing module design_random_nand_module_6_0
INFO: [VRFC 10-2263] Analyzing Verilog file "C:/Users/Octa476/Desktop/Random_generator_module/random_generator_project/random_generator_project.ip_user_files/bd/design_random/ip/design_random_xor_3_0_0/sim/design_random_xor_3_0_0.v" into library xil_defaultlib
INFO: [VRFC 10-311] analyzing module design_random_xor_3_0_0
INFO: [VRFC 10-2263] Analyzing Verilog file "C:/Users/Octa476/Desktop/Random_generator_module/random_generator_project/random_generator_project.ip_user_files/bd/design_random/ip/design_random_dff_module1_0_0/sim/design_random_dff_module1_0_0.v" into library xil_defaultlib
INFO: [VRFC 10-311] analyzing module design_random_dff_module1_0_0
INFO: [VRFC 10-2263] Analyzing Verilog file "C:/Users/Octa476/Desktop/Random_generator_module/random_generator_project/random_generator_project.ip_user_files/bd/design_random/ip/design_random_dff_module1_1_0/sim/design_random_dff_module1_1_0.v" into library xil_defaultlib
INFO: [VRFC 10-311] analyzing module design_random_dff_module1_1_0
INFO: [VRFC 10-2263] Analyzing Verilog file "C:/Users/Octa476/Desktop/Random_generator_module/random_generator_project/random_generator_project.ip_user_files/bd/design_random/ip/design_random_dff_module1_2_0/sim/design_random_dff_module1_2_0.v" into library xil_defaultlib
INFO: [VRFC 10-311] analyzing module design_random_dff_module1_2_0
INFO: [VRFC 10-2263] Analyzing Verilog file "C:/Users/Octa476/Desktop/Random_generator_module/random_generator_project/random_generator_project.ip_user_files/bd/design_random/ip/design_random_dff_module1_3_0/sim/design_random_dff_module1_3_0.v" into library xil_defaultlib
INFO: [VRFC 10-311] analyzing module design_random_dff_module1_3_0
INFO: [VRFC 10-2263] Analyzing Verilog file "C:/Users/Octa476/Desktop/Random_generator_module/random_generator_project/random_generator_project.ip_user_files/bd/design_random/ip/design_random_dff_module1_4_0/sim/design_random_dff_module1_4_0.v" into library xil_defaultlib
INFO: [VRFC 10-311] analyzing module design_random_dff_module1_4_0
INFO: [VRFC 10-2263] Analyzing Verilog file "C:/Users/Octa476/Desktop/Random_generator_module/random_generator_project/random_generator_project.ip_user_files/bd/design_random/ip/design_random_dff_module1_5_0/sim/design_random_dff_module1_5_0.v" into library xil_defaultlib
INFO: [VRFC 10-311] analyzing module design_random_dff_module1_5_0
INFO: [VRFC 10-2263] Analyzing Verilog file "C:/Users/Octa476/Desktop/Random_generator_module/random_generator_project/random_generator_project.ip_user_files/bd/design_random/ip/design_random_dff_module1_6_0/sim/design_random_dff_module1_6_0.v" into library xil_defaultlib
INFO: [VRFC 10-311] analyzing module design_random_dff_module1_6_0
INFO: [VRFC 10-2263] Analyzing Verilog file "C:/Users/Octa476/Desktop/Random_generator_module/random_generator_project/random_generator_project.ip_user_files/bd/design_random/ip/design_random_inverter_real_0_0/sim/design_random_inverter_real_0_0.v" into library xil_defaultlib
INFO: [VRFC 10-311] analyzing module design_random_inverter_real_0_0
INFO: [VRFC 10-2263] Analyzing Verilog file "C:/Users/Octa476/Desktop/Random_generator_module/random_generator_project/random_generator_project.ip_user_files/bd/design_random/ip/design_random_inverter_real_10_0/sim/design_random_inverter_real_10_0.v" into library xil_defaultlib
INFO: [VRFC 10-311] analyzing module design_random_inverter_real_10_0
INFO: [VRFC 10-2263] Analyzing Verilog file "C:/Users/Octa476/Desktop/Random_generator_module/random_generator_project/random_generator_project.ip_user_files/bd/design_random/ip/design_random_inverter_real_11_0/sim/design_random_inverter_real_11_0.v" into library xil_defaultlib
INFO: [VRFC 10-311] analyzing module design_random_inverter_real_11_0
INFO: [VRFC 10-2263] Analyzing Verilog file "C:/Users/Octa476/Desktop/Random_generator_module/random_generator_project/random_generator_project.ip_user_files/bd/design_random/ip/design_random_inverter_real_12_0/sim/design_random_inverter_real_12_0.v" into library xil_defaultlib
INFO: [VRFC 10-311] analyzing module design_random_inverter_real_12_0
INFO: [VRFC 10-2263] Analyzing Verilog file "C:/Users/Octa476/Desktop/Random_generator_module/random_generator_project/random_generator_project.ip_user_files/bd/design_random/ip/design_random_inverter_real_1_0/sim/design_random_inverter_real_1_0.v" into library xil_defaultlib
INFO: [VRFC 10-311] analyzing module design_random_inverter_real_1_0
INFO: [VRFC 10-2263] Analyzing Verilog file "C:/Users/Octa476/Desktop/Random_generator_module/random_generator_project/random_generator_project.ip_user_files/bd/design_random/ip/design_random_inverter_real_2_0/sim/design_random_inverter_real_2_0.v" into library xil_defaultlib
INFO: [VRFC 10-311] analyzing module design_random_inverter_real_2_0
INFO: [VRFC 10-2263] Analyzing Verilog file "C:/Users/Octa476/Desktop/Random_generator_module/random_generator_project/random_generator_project.ip_user_files/bd/design_random/ip/design_random_inverter_real_3_0/sim/design_random_inverter_real_3_0.v" into library xil_defaultlib
INFO: [VRFC 10-311] analyzing module design_random_inverter_real_3_0
INFO: [VRFC 10-2263] Analyzing Verilog file "C:/Users/Octa476/Desktop/Random_generator_module/random_generator_project/random_generator_project.ip_user_files/bd/design_random/ip/design_random_inverter_real_4_0/sim/design_random_inverter_real_4_0.v" into library xil_defaultlib
INFO: [VRFC 10-311] analyzing module design_random_inverter_real_4_0
INFO: [VRFC 10-2263] Analyzing Verilog file "C:/Users/Octa476/Desktop/Random_generator_module/random_generator_project/random_generator_project.ip_user_files/bd/design_random/ip/design_random_inverter_real_5_0/sim/design_random_inverter_real_5_0.v" into library xil_defaultlib
INFO: [VRFC 10-311] analyzing module design_random_inverter_real_5_0
INFO: [VRFC 10-2263] Analyzing Verilog file "C:/Users/Octa476/Desktop/Random_generator_module/random_generator_project/random_generator_project.ip_user_files/bd/design_random/ip/design_random_inverter_real_6_0/sim/design_random_inverter_real_6_0.v" into library xil_defaultlib
INFO: [VRFC 10-311] analyzing module design_random_inverter_real_6_0
INFO: [VRFC 10-2263] Analyzing Verilog file "C:/Users/Octa476/Desktop/Random_generator_module/random_generator_project/random_generator_project.ip_user_files/bd/design_random/ip/design_random_inverter_real_7_0/sim/design_random_inverter_real_7_0.v" into library xil_defaultlib
INFO: [VRFC 10-311] analyzing module design_random_inverter_real_7_0
INFO: [VRFC 10-2263] Analyzing Verilog file "C:/Users/Octa476/Desktop/Random_generator_module/random_generator_project/random_generator_project.ip_user_files/bd/design_random/ip/design_random_inverter_real_8_0/sim/design_random_inverter_real_8_0.v" into library xil_defaultlib
INFO: [VRFC 10-311] analyzing module design_random_inverter_real_8_0
INFO: [VRFC 10-2263] Analyzing Verilog file "C:/Users/Octa476/Desktop/Random_generator_module/random_generator_project/random_generator_project.ip_user_files/bd/design_random/ip/design_random_inverter_real_9_0/sim/design_random_inverter_real_9_0.v" into library xil_defaultlib
INFO: [VRFC 10-311] analyzing module design_random_inverter_real_9_0
INFO: [VRFC 10-2263] Analyzing Verilog file "C:/Users/Octa476/Desktop/Random_generator_module/random_generator_project/random_generator_project.ip_user_files/bd/design_random/sim/design_random.v" into library xil_defaultlib
INFO: [VRFC 10-311] analyzing module design_random
INFO: [VRFC 10-2263] Analyzing Verilog file "C:/Users/Octa476/Desktop/Random_generator_module/random_generator_project/random_generator_project.gen/sources_1/bd/design_random/hdl/design_random_wrapper.v" into library xil_defaultlib
INFO: [VRFC 10-311] analyzing module design_random_wrapper
INFO: [VRFC 10-2263] Analyzing Verilog file "C:/Users/Octa476/Desktop/Random_generator_module/random_generator_project/random_generator_project.srcs/sim_1/new/tb_design_random.v" into library xil_defaultlib
INFO: [VRFC 10-311] analyzing module tb_design_random
INFO: [VRFC 10-2263] Analyzing Verilog file "C:/Users/Octa476/Desktop/Random_generator_module/random_generator_project/random_generator_project.sim/sim_1/behav/xsim/glbl.v" into library xil_defaultlib
INFO: [VRFC 10-311] analyzing module glbl
