Copyright 1986-2022 Xilinx, Inc. All Rights Reserved. Copyright 2022-2024 Advanced Micro Devices, Inc. All Rights Reserved.
------------------------------------------------------------------------------------------------------------------------------------------------------------------------------------------------------------------------------------------------------------
| Tool Version : Vivado v.2024.2 (win64) Build 5239630 Fri Nov 08 22:35:27 MST 2024
| Date         : Fri Dec 19 20:23:16 2025
| Host         : DESKTOP-1986M2J running 64-bit major release  (build 9200)
| Command      : report_timing_summary -max_paths 10 -report_unconstrained -file design_random_wrapper_timing_summary_routed.rpt -pb design_random_wrapper_timing_summary_routed.pb -rpx design_random_wrapper_timing_summary_routed.rpx -warn_on_violation
| Design       : design_random_wrapper
| Device       : 7a100t-csg324
| Speed File   : -1  PRODUCTION 1.23 2018-06-13
| Design State : Routed
------------------------------------------------------------------------------------------------------------------------------------------------------------------------------------------------------------------------------------------------------------

Timing Summary Report

------------------------------------------------------------------------------------------------
| Timer Settings
| --------------
------------------------------------------------------------------------------------------------

  Enable Multi Corner Analysis               :  Yes
  Enable Pessimism Removal                   :  Yes
  Pessimism Removal Resolution               :  Nearest Common Node
  Enable Input Delay Default Clock           :  No
  Enable Preset / Clear Arcs                 :  No
  Disable Flight Delays                      :  No
  Ignore I/O Paths                           :  No
  Timing Early Launch at Borrowing Latches   :  No
  Borrow Time for Max Delay Exceptions       :  Yes
  Merge Timing Exceptions                    :  Yes
  Inter-SLR Compensation                     :  Conservative

  Corner  Analyze    Analyze    
  Name    Max Paths  Min Paths  
  ------  ---------  ---------  
  Slow    Yes        Yes        
  Fast    Yes        Yes        


------------------------------------------------------------------------------------------------
| Report Methodology
| ------------------
------------------------------------------------------------------------------------------------

Rule       Severity  Description                                                       Violations  
---------  --------  ----------------------------------------------------------------  ----------  
CKLD-2     Warning   Clock Net has IO Driver, not a Clock Buf, and/or non-Clock loads  1           
TIMING-18  Warning   Missing input or output delay                                     3           
TIMING-23  Warning   Combinational loop found                                          6           

Note: This report is based on the most recent report_methodology run and may not be up-to-date. Run report_methodology on the current design for the latest report.



check_timing report

Table of Contents
-----------------
1. checking no_clock (0)
2. checking constant_clock (0)
3. checking pulse_width_clock (0)
4. checking unconstrained_internal_endpoints (0)
5. checking no_input_delay (2)
6. checking no_output_delay (1)
7. checking multiple_clock (0)
8. checking generated_clocks (0)
9. checking loops (6)
10. checking partial_input_delay (0)
11. checking partial_output_delay (0)
12. checking latch_loops (0)

1. checking no_clock (0)
------------------------
 There are 0 register/latch pins with no clock.


2. checking constant_clock (0)
------------------------------
 There are 0 register/latch pins with constant_clock.


3. checking pulse_width_clock (0)
---------------------------------
 There are 0 register/latch pins which need pulse_width check


4. checking unconstrained_internal_endpoints (0)
------------------------------------------------
 There are 0 pins that are not constrained for maximum delay.

 There are 0 pins that are not constrained for maximum delay due to constant clock.


5. checking no_input_delay (2)
------------------------------
 There are 2 input ports with no input delay specified. (HIGH)

 There are 0 input ports with no input delay but user has a false path constraint.


6. checking no_output_delay (1)
-------------------------------
 There is 1 port with no output delay specified. (HIGH)

 There are 0 ports with no output delay but user has a false path constraint

 There are 0 ports with no output delay but with a timing clock defined on it or propagating through it


7. checking multiple_clock (0)
------------------------------
 There are 0 register/latch pins with multiple clocks.


8. checking generated_clocks (0)
--------------------------------
 There are 0 generated clocks that are not connected to a clock source.


9. checking loops (6)
---------------------
 There are 6 combinational loops in the design. (HIGH)


10. checking partial_input_delay (0)
------------------------------------
 There are 0 input ports with partial input delay specified.


11. checking partial_output_delay (0)
-------------------------------------
 There are 0 ports with partial output delay specified.


12. checking latch_loops (0)
----------------------------
 There are 0 combinational latch loops in the design through latch input



------------------------------------------------------------------------------------------------
| Design Timing Summary
| ---------------------
------------------------------------------------------------------------------------------------

    WNS(ns)      TNS(ns)  TNS Failing Endpoints  TNS Total Endpoints      WHS(ns)      THS(ns)  THS Failing Endpoints  THS Total Endpoints     WPWS(ns)     TPWS(ns)  TPWS Failing Endpoints  TPWS Total Endpoints  
    -------      -------  ---------------------  -------------------      -------      -------  ---------------------  -------------------     --------     --------  ----------------------  --------------------  
      7.522        0.000                      0                    1        0.413        0.000                      0                    1        4.500        0.000                       0                     7  


All user specified timing constraints are met.


------------------------------------------------------------------------------------------------
| Clock Summary
| -------------
------------------------------------------------------------------------------------------------

Clock        Waveform(ns)       Period(ns)      Frequency(MHz)
-----        ------------       ----------      --------------
sys_clk_pin  {0.000 5.000}      10.000          100.000         


------------------------------------------------------------------------------------------------
| Intra Clock Table
| -----------------
------------------------------------------------------------------------------------------------

Clock             WNS(ns)      TNS(ns)  TNS Failing Endpoints  TNS Total Endpoints      WHS(ns)      THS(ns)  THS Failing Endpoints  THS Total Endpoints     WPWS(ns)     TPWS(ns)  TPWS Failing Endpoints  TPWS Total Endpoints  
-----             -------      -------  ---------------------  -------------------      -------      -------  ---------------------  -------------------     --------     --------  ----------------------  --------------------  
sys_clk_pin         7.522        0.000                      0                    1        0.413        0.000                      0                    1        4.500        0.000                       0                     7  


------------------------------------------------------------------------------------------------
| Inter Clock Table
| -----------------
------------------------------------------------------------------------------------------------

From Clock    To Clock          WNS(ns)      TNS(ns)  TNS Failing Endpoints  TNS Total Endpoints      WHS(ns)      THS(ns)  THS Failing Endpoints  THS Total Endpoints  
----------    --------          -------      -------  ---------------------  -------------------      -------      -------  ---------------------  -------------------  


------------------------------------------------------------------------------------------------
| Other Path Groups Table
| -----------------------
------------------------------------------------------------------------------------------------

Path Group    From Clock    To Clock          WNS(ns)      TNS(ns)  TNS Failing Endpoints  TNS Total Endpoints      WHS(ns)      THS(ns)  THS Failing Endpoints  THS Total Endpoints  
----------    ----------    --------          -------      -------  ---------------------  -------------------      -------      -------  ---------------------  -------------------  


------------------------------------------------------------------------------------------------
| User Ignored Path Table
| -----------------------
------------------------------------------------------------------------------------------------

Path Group    From Clock    To Clock    
----------    ----------    --------    


------------------------------------------------------------------------------------------------
| Unconstrained Path Table
| ------------------------
------------------------------------------------------------------------------------------------

Path Group    From Clock    To Clock    
----------    ----------    --------    
(none)        sys_clk_pin                 
(none)                      sys_clk_pin   


------------------------------------------------------------------------------------------------
| Timing Details
| --------------
------------------------------------------------------------------------------------------------


---------------------------------------------------------------------------------------------------
From Clock:  sys_clk_pin
  To Clock:  sys_clk_pin

Setup :            0  Failing Endpoints,  Worst Slack        7.522ns,  Total Violation        0.000ns
Hold  :            0  Failing Endpoints,  Worst Slack        0.413ns,  Total Violation        0.000ns
PW    :            0  Failing Endpoints,  Worst Slack        4.500ns,  Total Violation        0.000ns
---------------------------------------------------------------------------------------------------


Max Delay Paths
--------------------------------------------------------------------------------------
Slack (MET) :             7.522ns  (required time - arrival time)
  Source:                 design_random_i/dff_module1_2/inst/state_reg/C
                            (rising edge-triggered cell FDRE clocked by sys_clk_pin  {rise@0.000ns fall@5.000ns period=10.000ns})
  Destination:            design_random_i/dff_module1_4/inst/state_reg/D
                            (rising edge-triggered cell FDRE clocked by sys_clk_pin  {rise@0.000ns fall@5.000ns period=10.000ns})
  Path Group:             sys_clk_pin
  Path Type:              Setup (Max at Slow Process Corner)
  Requirement:            10.000ns  (sys_clk_pin rise@10.000ns - sys_clk_pin rise@0.000ns)
  Data Path Delay:        2.449ns  (logic 0.704ns (28.743%)  route 1.745ns (71.257%))
  Logic Levels:           2  (LUT3=1 LUT4=1)
  Clock Path Skew:        -0.022ns (DCD - SCD + CPR)
    Destination Clock Delay (DCD):    3.960ns = ( 13.960 - 10.000 ) 
    Source Clock Delay      (SCD):    4.458ns
    Clock Pessimism Removal (CPR):    0.476ns
  Clock Uncertainty:      0.035ns  ((TSJ^2 + TIJ^2)^1/2 + DJ) / 2 + PE
    Total System Jitter     (TSJ):    0.071ns
    Total Input Jitter      (TIJ):    0.000ns
    Discrete Jitter          (DJ):    0.000ns
    Phase Error              (PE):    0.000ns

    Location             Delay type                Incr(ns)  Path(ns)    Netlist Resource(s)
  -------------------------------------------------------------------    -------------------
                         (clock sys_clk_pin rise edge)
                                                      0.000     0.000 r  
    E3                                                0.000     0.000 r  clk_port (IN)
                         net (fo=0)                   0.000     0.000    clk_port
    E3                   IBUF (Prop_ibuf_I_O)         1.482     1.482 r  clk_port_IBUF_inst/O
                         net (fo=7, routed)           2.976     4.458    design_random_i/dff_module1_2/inst/clk
    SLICE_X1Y112         FDRE                                         r  design_random_i/dff_module1_2/inst/state_reg/C
  -------------------------------------------------------------------    -------------------
    SLICE_X1Y112         FDRE (Prop_fdre_C_Q)         0.456     4.914 r  design_random_i/dff_module1_2/inst/state_reg/Q
                         net (fo=1, routed)           1.084     5.998    design_random_i/xor_4_0/inst/z
    SLICE_X0Y112         LUT4 (Prop_lut4_I0_O)        0.124     6.122 r  design_random_i/xor_4_0/inst/out_xor__0/O
                         net (fo=1, routed)           0.661     6.783    design_random_i/xor_3_0/inst/y
    SLICE_X0Y112         LUT3 (Prop_lut3_I0_O)        0.124     6.907 r  design_random_i/xor_3_0/inst/out_xor__0/O
                         net (fo=1, routed)           0.000     6.907    design_random_i/dff_module1_4/inst/in_dff
    SLICE_X0Y112         FDRE                                         r  design_random_i/dff_module1_4/inst/state_reg/D
  -------------------------------------------------------------------    -------------------

                         (clock sys_clk_pin rise edge)
                                                     10.000    10.000 r  
    E3                                                0.000    10.000 r  clk_port (IN)
                         net (fo=0)                   0.000    10.000    clk_port
    E3                   IBUF (Prop_ibuf_I_O)         1.411    11.411 r  clk_port_IBUF_inst/O
                         net (fo=7, routed)           2.549    13.960    design_random_i/dff_module1_4/inst/clk
    SLICE_X0Y112         FDRE                                         r  design_random_i/dff_module1_4/inst/state_reg/C
                         clock pessimism              0.476    14.436    
                         clock uncertainty           -0.035    14.400    
    SLICE_X0Y112         FDRE (Setup_fdre_C_D)        0.029    14.429    design_random_i/dff_module1_4/inst/state_reg
  -------------------------------------------------------------------
                         required time                         14.429    
                         arrival time                          -6.907    
  -------------------------------------------------------------------
                         slack                                  7.522    





Min Delay Paths
--------------------------------------------------------------------------------------
Slack (MET) :             0.413ns  (arrival time - required time)
  Source:                 design_random_i/dff_module1_1/inst/state_reg/C
                            (rising edge-triggered cell FDRE clocked by sys_clk_pin  {rise@0.000ns fall@5.000ns period=10.000ns})
  Destination:            design_random_i/dff_module1_4/inst/state_reg/D
                            (rising edge-triggered cell FDRE clocked by sys_clk_pin  {rise@0.000ns fall@5.000ns period=10.000ns})
  Path Group:             sys_clk_pin
  Path Type:              Hold (Min at Fast Process Corner)
  Requirement:            0.000ns  (sys_clk_pin rise@0.000ns - sys_clk_pin rise@0.000ns)
  Data Path Delay:        0.517ns  (logic 0.231ns (44.652%)  route 0.286ns (55.348%))
  Logic Levels:           2  (LUT3=1 LUT4=1)
  Clock Path Skew:        0.013ns (DCD - SCD - CPR)
    Destination Clock Delay (DCD):    1.942ns
    Source Clock Delay      (SCD):    1.554ns
    Clock Pessimism Removal (CPR):    0.375ns

    Location             Delay type                Incr(ns)  Path(ns)    Netlist Resource(s)
  -------------------------------------------------------------------    -------------------
                         (clock sys_clk_pin rise edge)
                                                      0.000     0.000 r  
    E3                                                0.000     0.000 r  clk_port (IN)
                         net (fo=0)                   0.000     0.000    clk_port
    E3                   IBUF (Prop_ibuf_I_O)         0.250     0.250 r  clk_port_IBUF_inst/O
                         net (fo=7, routed)           1.305     1.554    design_random_i/dff_module1_1/inst/clk
    SLICE_X1Y112         FDRE                                         r  design_random_i/dff_module1_1/inst/state_reg/C
  -------------------------------------------------------------------    -------------------
    SLICE_X1Y112         FDRE (Prop_fdre_C_Q)         0.141     1.695 r  design_random_i/dff_module1_1/inst/state_reg/Q
                         net (fo=1, routed)           0.059     1.755    design_random_i/xor_4_0/inst/y
    SLICE_X0Y112         LUT4 (Prop_lut4_I1_O)        0.045     1.800 r  design_random_i/xor_4_0/inst/out_xor__0/O
                         net (fo=1, routed)           0.227     2.027    design_random_i/xor_3_0/inst/y
    SLICE_X0Y112         LUT3 (Prop_lut3_I0_O)        0.045     2.072 r  design_random_i/xor_3_0/inst/out_xor__0/O
                         net (fo=1, routed)           0.000     2.072    design_random_i/dff_module1_4/inst/in_dff
    SLICE_X0Y112         FDRE                                         r  design_random_i/dff_module1_4/inst/state_reg/D
  -------------------------------------------------------------------    -------------------

                         (clock sys_clk_pin rise edge)
                                                      0.000     0.000 r  
    E3                                                0.000     0.000 r  clk_port (IN)
                         net (fo=0)                   0.000     0.000    clk_port
    E3                   IBUF (Prop_ibuf_I_O)         0.438     0.438 r  clk_port_IBUF_inst/O
                         net (fo=7, routed)           1.505     1.942    design_random_i/dff_module1_4/inst/clk
    SLICE_X0Y112         FDRE                                         r  design_random_i/dff_module1_4/inst/state_reg/C
                         clock pessimism             -0.375     1.567    
    SLICE_X0Y112         FDRE (Hold_fdre_C_D)         0.091     1.658    design_random_i/dff_module1_4/inst/state_reg
  -------------------------------------------------------------------
                         required time                         -1.658    
                         arrival time                           2.072    
  -------------------------------------------------------------------
                         slack                                  0.413    





Pulse Width Checks
--------------------------------------------------------------------------------------
Clock Name:         sys_clk_pin
Waveform(ns):       { 0.000 5.000 }
Period(ns):         10.000
Sources:            { clk_port }

Check Type        Corner  Lib Pin  Reference Pin  Required(ns)  Actual(ns)  Slack(ns)  Location      Pin
Min Period        n/a     FDRE/C   n/a            1.000         10.000      9.000      SLICE_X1Y112  design_random_i/dff_module1_0/inst/state_reg/C
Min Period        n/a     FDRE/C   n/a            1.000         10.000      9.000      SLICE_X1Y112  design_random_i/dff_module1_1/inst/state_reg/C
Min Period        n/a     FDRE/C   n/a            1.000         10.000      9.000      SLICE_X1Y112  design_random_i/dff_module1_2/inst/state_reg/C
Min Period        n/a     FDRE/C   n/a            1.000         10.000      9.000      SLICE_X0Y112  design_random_i/dff_module1_3/inst/state_reg/C
Min Period        n/a     FDRE/C   n/a            1.000         10.000      9.000      SLICE_X0Y112  design_random_i/dff_module1_4/inst/state_reg/C
Min Period        n/a     FDRE/C   n/a            1.000         10.000      9.000      SLICE_X0Y112  design_random_i/dff_module1_5/inst/state_reg/C
Min Period        n/a     FDRE/C   n/a            1.000         10.000      9.000      SLICE_X0Y112  design_random_i/dff_module1_6/inst/state_reg/C
Low Pulse Width   Slow    FDRE/C   n/a            0.500         5.000       4.500      SLICE_X1Y112  design_random_i/dff_module1_0/inst/state_reg/C
Low Pulse Width   Fast    FDRE/C   n/a            0.500         5.000       4.500      SLICE_X1Y112  design_random_i/dff_module1_0/inst/state_reg/C
Low Pulse Width   Slow    FDRE/C   n/a            0.500         5.000       4.500      SLICE_X1Y112  design_random_i/dff_module1_1/inst/state_reg/C
Low Pulse Width   Fast    FDRE/C   n/a            0.500         5.000       4.500      SLICE_X1Y112  design_random_i/dff_module1_1/inst/state_reg/C
Low Pulse Width   Slow    FDRE/C   n/a            0.500         5.000       4.500      SLICE_X1Y112  design_random_i/dff_module1_2/inst/state_reg/C
Low Pulse Width   Fast    FDRE/C   n/a            0.500         5.000       4.500      SLICE_X1Y112  design_random_i/dff_module1_2/inst/state_reg/C
Low Pulse Width   Slow    FDRE/C   n/a            0.500         5.000       4.500      SLICE_X0Y112  design_random_i/dff_module1_3/inst/state_reg/C
Low Pulse Width   Fast    FDRE/C   n/a            0.500         5.000       4.500      SLICE_X0Y112  design_random_i/dff_module1_3/inst/state_reg/C
Low Pulse Width   Slow    FDRE/C   n/a            0.500         5.000       4.500      SLICE_X0Y112  design_random_i/dff_module1_4/inst/state_reg/C
Low Pulse Width   Fast    FDRE/C   n/a            0.500         5.000       4.500      SLICE_X0Y112  design_random_i/dff_module1_4/inst/state_reg/C
High Pulse Width  Slow    FDRE/C   n/a            0.500         5.000       4.500      SLICE_X1Y112  design_random_i/dff_module1_0/inst/state_reg/C
High Pulse Width  Fast    FDRE/C   n/a            0.500         5.000       4.500      SLICE_X1Y112  design_random_i/dff_module1_0/inst/state_reg/C
High Pulse Width  Slow    FDRE/C   n/a            0.500         5.000       4.500      SLICE_X1Y112  design_random_i/dff_module1_1/inst/state_reg/C
High Pulse Width  Fast    FDRE/C   n/a            0.500         5.000       4.500      SLICE_X1Y112  design_random_i/dff_module1_1/inst/state_reg/C
High Pulse Width  Slow    FDRE/C   n/a            0.500         5.000       4.500      SLICE_X1Y112  design_random_i/dff_module1_2/inst/state_reg/C
High Pulse Width  Fast    FDRE/C   n/a            0.500         5.000       4.500      SLICE_X1Y112  design_random_i/dff_module1_2/inst/state_reg/C
High Pulse Width  Slow    FDRE/C   n/a            0.500         5.000       4.500      SLICE_X0Y112  design_random_i/dff_module1_3/inst/state_reg/C
High Pulse Width  Fast    FDRE/C   n/a            0.500         5.000       4.500      SLICE_X0Y112  design_random_i/dff_module1_3/inst/state_reg/C
High Pulse Width  Slow    FDRE/C   n/a            0.500         5.000       4.500      SLICE_X0Y112  design_random_i/dff_module1_4/inst/state_reg/C
High Pulse Width  Fast    FDRE/C   n/a            0.500         5.000       4.500      SLICE_X0Y112  design_random_i/dff_module1_4/inst/state_reg/C



--------------------------------------------------------------------------------------
Path Group:  (none)
From Clock:  sys_clk_pin
  To Clock:  

Max Delay             1 Endpoint
Min Delay             1 Endpoint
--------------------------------------------------------------------------------------


Max Delay Paths
--------------------------------------------------------------------------------------
Slack:                    inf
  Source:                 design_random_i/dff_module1_4/inst/state_reg/C
                            (rising edge-triggered cell FDRE clocked by sys_clk_pin  {rise@0.000ns fall@5.000ns period=10.000ns})
  Destination:            out_port
                            (output port)
  Path Group:             (none)
  Path Type:              Max at Slow Process Corner
  Data Path Delay:        5.652ns  (logic 3.976ns (70.354%)  route 1.676ns (29.646%))
  Logic Levels:           1  (OBUF=1)
  Clock Uncertainty:      0.025ns  ((TSJ^2 + TIJ^2)^1/2 + DJ) / 2 + PE
    Total System Jitter     (TSJ):    0.050ns
    Total Input Jitter      (TIJ):    0.000ns
    Discrete Jitter          (DJ):    0.000ns
    Phase Error              (PE):    0.000ns

    Location             Delay type                Incr(ns)  Path(ns)    Netlist Resource(s)
  -------------------------------------------------------------------    -------------------
                         (clock sys_clk_pin rise edge)
                                                      0.000     0.000 r  
    E3                                                0.000     0.000 r  clk_port (IN)
                         net (fo=0)                   0.000     0.000    clk_port
    E3                   IBUF (Prop_ibuf_I_O)         1.482     1.482 r  clk_port_IBUF_inst/O
                         net (fo=7, routed)           2.976     4.458    design_random_i/dff_module1_4/inst/clk
    SLICE_X0Y112         FDRE                                         r  design_random_i/dff_module1_4/inst/state_reg/C
  -------------------------------------------------------------------    -------------------
    SLICE_X0Y112         FDRE (Prop_fdre_C_Q)         0.456     4.914 r  design_random_i/dff_module1_4/inst/state_reg/Q
                         net (fo=1, routed)           1.676     6.589    out_port_OBUF
    H17                  OBUF (Prop_obuf_I_O)         3.520    10.110 r  out_port_OBUF_inst/O
                         net (fo=0)                   0.000    10.110    out_port
    H17                                                               r  out_port (OUT)
  -------------------------------------------------------------------    -------------------





Min Delay Paths
--------------------------------------------------------------------------------------
Slack:                    inf
  Source:                 design_random_i/dff_module1_4/inst/state_reg/C
                            (rising edge-triggered cell FDRE clocked by sys_clk_pin  {rise@0.000ns fall@5.000ns period=10.000ns})
  Destination:            out_port
                            (output port)
  Path Group:             (none)
  Path Type:              Min at Fast Process Corner
  Data Path Delay:        1.709ns  (logic 1.362ns (79.720%)  route 0.347ns (20.280%))
  Logic Levels:           1  (OBUF=1)
  Clock Uncertainty:      0.025ns  ((TSJ^2 + TIJ^2)^1/2 + DJ) / 2 + PE
    Total System Jitter     (TSJ):    0.050ns
    Total Input Jitter      (TIJ):    0.000ns
    Discrete Jitter          (DJ):    0.000ns
    Phase Error              (PE):    0.000ns

    Location             Delay type                Incr(ns)  Path(ns)    Netlist Resource(s)
  -------------------------------------------------------------------    -------------------
                         (clock sys_clk_pin rise edge)
                                                      0.000     0.000 r  
    E3                                                0.000     0.000 r  clk_port (IN)
                         net (fo=0)                   0.000     0.000    clk_port
    E3                   IBUF (Prop_ibuf_I_O)         0.250     0.250 r  clk_port_IBUF_inst/O
                         net (fo=7, routed)           1.305     1.554    design_random_i/dff_module1_4/inst/clk
    SLICE_X0Y112         FDRE                                         r  design_random_i/dff_module1_4/inst/state_reg/C
  -------------------------------------------------------------------    -------------------
    SLICE_X0Y112         FDRE (Prop_fdre_C_Q)         0.141     1.695 r  design_random_i/dff_module1_4/inst/state_reg/Q
                         net (fo=1, routed)           0.347     2.042    out_port_OBUF
    H17                  OBUF (Prop_obuf_I_O)         1.221     3.263 r  out_port_OBUF_inst/O
                         net (fo=0)                   0.000     3.263    out_port
    H17                                                               r  out_port (OUT)
  -------------------------------------------------------------------    -------------------





--------------------------------------------------------------------------------------
Path Group:  (none)
From Clock:  
  To Clock:  sys_clk_pin

Max Delay             6 Endpoints
Min Delay             6 Endpoints
--------------------------------------------------------------------------------------


Max Delay Paths
--------------------------------------------------------------------------------------
Slack:                    inf
  Source:                 en1_port
                            (input port)
  Destination:            design_random_i/dff_module1_5/inst/state_reg/D
                            (rising edge-triggered cell FDRE clocked by sys_clk_pin  {rise@0.000ns fall@5.000ns period=10.000ns})
  Path Group:             (none)
  Path Type:              Setup (Max at Slow Process Corner)
  Data Path Delay:        3.934ns  (logic 1.604ns (40.763%)  route 2.330ns (59.237%))
  Logic Levels:           2  (IBUF=1 LUT2=1)
  Clock Path Skew:        3.960ns (DCD - SCD + CPR)
    Destination Clock Delay (DCD):    3.960ns
    Source Clock Delay      (SCD):    0.000ns
    Clock Pessimism Removal (CPR):    0.000ns
  Clock Uncertainty:      0.025ns  ((TSJ^2 + TIJ^2)^1/2 + DJ) / 2 + PE
    Total System Jitter     (TSJ):    0.050ns
    Total Input Jitter      (TIJ):    0.000ns
    Discrete Jitter          (DJ):    0.000ns
    Phase Error              (PE):    0.000ns

    Location             Delay type                Incr(ns)  Path(ns)    Netlist Resource(s)
  -------------------------------------------------------------------    -------------------
    L16                                               0.000     0.000 f  en1_port (IN)
                         net (fo=0)                   0.000     0.000    en1_port
    L16                  IBUF (Prop_ibuf_I_O)         1.480     1.480 f  en1_port_IBUF_inst/O
                         net (fo=2, routed)           1.940     3.419    design_random_i/nand_module_5/en0
    SLICE_X0Y112         LUT2 (Prop_lut2_I1_O)        0.124     3.543 r  design_random_i/nand_module_5/out_nand_INST_0/O
                         net (fo=2, routed)           0.391     3.934    design_random_i/dff_module1_5/inst/in_dff
    SLICE_X0Y112         FDRE                                         r  design_random_i/dff_module1_5/inst/state_reg/D
  -------------------------------------------------------------------    -------------------

                         (clock sys_clk_pin rise edge)
                                                      0.000     0.000 r  
    E3                                                0.000     0.000 r  clk_port (IN)
                         net (fo=0)                   0.000     0.000    clk_port
    E3                   IBUF (Prop_ibuf_I_O)         1.411     1.411 r  clk_port_IBUF_inst/O
                         net (fo=7, routed)           2.549     3.960    design_random_i/dff_module1_5/inst/clk
    SLICE_X0Y112         FDRE                                         r  design_random_i/dff_module1_5/inst/state_reg/C

Slack:                    inf
  Source:                 en0_port
                            (input port)
  Destination:            design_random_i/dff_module1_2/inst/state_reg/D
                            (rising edge-triggered cell FDRE clocked by sys_clk_pin  {rise@0.000ns fall@5.000ns period=10.000ns})
  Path Group:             (none)
  Path Type:              Setup (Max at Slow Process Corner)
  Data Path Delay:        3.624ns  (logic 1.602ns (44.194%)  route 2.022ns (55.806%))
  Logic Levels:           2  (IBUF=1 LUT2=1)
  Clock Path Skew:        3.960ns (DCD - SCD + CPR)
    Destination Clock Delay (DCD):    3.960ns
    Source Clock Delay      (SCD):    0.000ns
    Clock Pessimism Removal (CPR):    0.000ns
  Clock Uncertainty:      0.025ns  ((TSJ^2 + TIJ^2)^1/2 + DJ) / 2 + PE
    Total System Jitter     (TSJ):    0.050ns
    Total Input Jitter      (TIJ):    0.000ns
    Discrete Jitter          (DJ):    0.000ns
    Phase Error              (PE):    0.000ns

    Location             Delay type                Incr(ns)  Path(ns)    Netlist Resource(s)
  -------------------------------------------------------------------    -------------------
    J15                                               0.000     0.000 r  en0_port (IN)
                         net (fo=0)                   0.000     0.000    en0_port
    J15                  IBUF (Prop_ibuf_I_O)         1.478     1.478 r  en0_port_IBUF_inst/O
                         net (fo=4, routed)           1.237     2.715    design_random_i/nand_module_2/en0
    SLICE_X0Y112         LUT2 (Prop_lut2_I1_O)        0.124     2.839 r  design_random_i/nand_module_2/out_nand_INST_0/O
                         net (fo=2, routed)           0.785     3.624    design_random_i/dff_module1_2/inst/in_dff
    SLICE_X1Y112         FDRE                                         r  design_random_i/dff_module1_2/inst/state_reg/D
  -------------------------------------------------------------------    -------------------

                         (clock sys_clk_pin rise edge)
                                                      0.000     0.000 r  
    E3                                                0.000     0.000 r  clk_port (IN)
                         net (fo=0)                   0.000     0.000    clk_port
    E3                   IBUF (Prop_ibuf_I_O)         1.411     1.411 r  clk_port_IBUF_inst/O
                         net (fo=7, routed)           2.549     3.960    design_random_i/dff_module1_2/inst/clk
    SLICE_X1Y112         FDRE                                         r  design_random_i/dff_module1_2/inst/state_reg/C

Slack:                    inf
  Source:                 en1_port
                            (input port)
  Destination:            design_random_i/dff_module1_6/inst/state_reg/D
                            (rising edge-triggered cell FDRE clocked by sys_clk_pin  {rise@0.000ns fall@5.000ns period=10.000ns})
  Path Group:             (none)
  Path Type:              Setup (Max at Slow Process Corner)
  Data Path Delay:        3.572ns  (logic 1.633ns (45.701%)  route 1.940ns (54.299%))
  Logic Levels:           2  (IBUF=1 LUT2=1)
  Clock Path Skew:        3.960ns (DCD - SCD + CPR)
    Destination Clock Delay (DCD):    3.960ns
    Source Clock Delay      (SCD):    0.000ns
    Clock Pessimism Removal (CPR):    0.000ns
  Clock Uncertainty:      0.025ns  ((TSJ^2 + TIJ^2)^1/2 + DJ) / 2 + PE
    Total System Jitter     (TSJ):    0.050ns
    Total Input Jitter      (TIJ):    0.000ns
    Discrete Jitter          (DJ):    0.000ns
    Phase Error              (PE):    0.000ns

    Location             Delay type                Incr(ns)  Path(ns)    Netlist Resource(s)
  -------------------------------------------------------------------    -------------------
    L16                                               0.000     0.000 f  en1_port (IN)
                         net (fo=0)                   0.000     0.000    en1_port
    L16                  IBUF (Prop_ibuf_I_O)         1.480     1.480 f  en1_port_IBUF_inst/O
                         net (fo=2, routed)           1.940     3.419    design_random_i/nand_module_6/en0
    SLICE_X0Y112         LUT2 (Prop_lut2_I1_O)        0.153     3.572 r  design_random_i/nand_module_6/out_nand_INST_0/O
                         net (fo=2, routed)           0.000     3.572    design_random_i/dff_module1_6/inst/in_dff
    SLICE_X0Y112         FDRE                                         r  design_random_i/dff_module1_6/inst/state_reg/D
  -------------------------------------------------------------------    -------------------

                         (clock sys_clk_pin rise edge)
                                                      0.000     0.000 r  
    E3                                                0.000     0.000 r  clk_port (IN)
                         net (fo=0)                   0.000     0.000    clk_port
    E3                   IBUF (Prop_ibuf_I_O)         1.411     1.411 r  clk_port_IBUF_inst/O
                         net (fo=7, routed)           2.549     3.960    design_random_i/dff_module1_6/inst/clk
    SLICE_X0Y112         FDRE                                         r  design_random_i/dff_module1_6/inst/state_reg/C

Slack:                    inf
  Source:                 en0_port
                            (input port)
  Destination:            design_random_i/dff_module1_1/inst/state_reg/D
                            (rising edge-triggered cell FDRE clocked by sys_clk_pin  {rise@0.000ns fall@5.000ns period=10.000ns})
  Path Group:             (none)
  Path Type:              Setup (Max at Slow Process Corner)
  Data Path Delay:        3.351ns  (logic 1.602ns (47.793%)  route 1.750ns (52.207%))
  Logic Levels:           2  (IBUF=1 LUT2=1)
  Clock Path Skew:        3.960ns (DCD - SCD + CPR)
    Destination Clock Delay (DCD):    3.960ns
    Source Clock Delay      (SCD):    0.000ns
    Clock Pessimism Removal (CPR):    0.000ns
  Clock Uncertainty:      0.025ns  ((TSJ^2 + TIJ^2)^1/2 + DJ) / 2 + PE
    Total System Jitter     (TSJ):    0.050ns
    Total Input Jitter      (TIJ):    0.000ns
    Discrete Jitter          (DJ):    0.000ns
    Phase Error              (PE):    0.000ns

    Location             Delay type                Incr(ns)  Path(ns)    Netlist Resource(s)
  -------------------------------------------------------------------    -------------------
    J15                                               0.000     0.000 f  en0_port (IN)
                         net (fo=0)                   0.000     0.000    en0_port
    J15                  IBUF (Prop_ibuf_I_O)         1.478     1.478 f  en0_port_IBUF_inst/O
                         net (fo=4, routed)           1.219     2.696    design_random_i/nand_module_1/en0
    SLICE_X1Y112         LUT2 (Prop_lut2_I1_O)        0.124     2.820 r  design_random_i/nand_module_1/out_nand_INST_0/O
                         net (fo=2, routed)           0.531     3.351    design_random_i/dff_module1_1/inst/in_dff
    SLICE_X1Y112         FDRE                                         r  design_random_i/dff_module1_1/inst/state_reg/D
  -------------------------------------------------------------------    -------------------

                         (clock sys_clk_pin rise edge)
                                                      0.000     0.000 r  
    E3                                                0.000     0.000 r  clk_port (IN)
                         net (fo=0)                   0.000     0.000    clk_port
    E3                   IBUF (Prop_ibuf_I_O)         1.411     1.411 r  clk_port_IBUF_inst/O
                         net (fo=7, routed)           2.549     3.960    design_random_i/dff_module1_1/inst/clk
    SLICE_X1Y112         FDRE                                         r  design_random_i/dff_module1_1/inst/state_reg/C

Slack:                    inf
  Source:                 en0_port
                            (input port)
  Destination:            design_random_i/dff_module1_3/inst/state_reg/D
                            (rising edge-triggered cell FDRE clocked by sys_clk_pin  {rise@0.000ns fall@5.000ns period=10.000ns})
  Path Group:             (none)
  Path Type:              Setup (Max at Slow Process Corner)
  Data Path Delay:        3.195ns  (logic 1.597ns (49.977%)  route 1.598ns (50.023%))
  Logic Levels:           2  (IBUF=1 LUT2=1)
  Clock Path Skew:        3.960ns (DCD - SCD + CPR)
    Destination Clock Delay (DCD):    3.960ns
    Source Clock Delay      (SCD):    0.000ns
    Clock Pessimism Removal (CPR):    0.000ns
  Clock Uncertainty:      0.025ns  ((TSJ^2 + TIJ^2)^1/2 + DJ) / 2 + PE
    Total System Jitter     (TSJ):    0.050ns
    Total Input Jitter      (TIJ):    0.000ns
    Discrete Jitter          (DJ):    0.000ns
    Phase Error              (PE):    0.000ns

    Location             Delay type                Incr(ns)  Path(ns)    Netlist Resource(s)
  -------------------------------------------------------------------    -------------------
    J15                                               0.000     0.000 f  en0_port (IN)
                         net (fo=0)                   0.000     0.000    en0_port
    J15                  IBUF (Prop_ibuf_I_O)         1.478     1.478 f  en0_port_IBUF_inst/O
                         net (fo=4, routed)           1.237     2.715    design_random_i/nand_module_3/en0
    SLICE_X0Y112         LUT2 (Prop_lut2_I1_O)        0.119     2.834 r  design_random_i/nand_module_3/out_nand_INST_0/O
                         net (fo=2, routed)           0.361     3.195    design_random_i/dff_module1_3/inst/in_dff
    SLICE_X0Y112         FDRE                                         r  design_random_i/dff_module1_3/inst/state_reg/D
  -------------------------------------------------------------------    -------------------

                         (clock sys_clk_pin rise edge)
                                                      0.000     0.000 r  
    E3                                                0.000     0.000 r  clk_port (IN)
                         net (fo=0)                   0.000     0.000    clk_port
    E3                   IBUF (Prop_ibuf_I_O)         1.411     1.411 r  clk_port_IBUF_inst/O
                         net (fo=7, routed)           2.549     3.960    design_random_i/dff_module1_3/inst/clk
    SLICE_X0Y112         FDRE                                         r  design_random_i/dff_module1_3/inst/state_reg/C

Slack:                    inf
  Source:                 en0_port
                            (input port)
  Destination:            design_random_i/dff_module1_0/inst/state_reg/D
                            (rising edge-triggered cell FDRE clocked by sys_clk_pin  {rise@0.000ns fall@5.000ns period=10.000ns})
  Path Group:             (none)
  Path Type:              Setup (Max at Slow Process Corner)
  Data Path Delay:        2.814ns  (logic 1.596ns (56.698%)  route 1.219ns (43.302%))
  Logic Levels:           2  (IBUF=1 LUT2=1)
  Clock Path Skew:        3.960ns (DCD - SCD + CPR)
    Destination Clock Delay (DCD):    3.960ns
    Source Clock Delay      (SCD):    0.000ns
    Clock Pessimism Removal (CPR):    0.000ns
  Clock Uncertainty:      0.025ns  ((TSJ^2 + TIJ^2)^1/2 + DJ) / 2 + PE
    Total System Jitter     (TSJ):    0.050ns
    Total Input Jitter      (TIJ):    0.000ns
    Discrete Jitter          (DJ):    0.000ns
    Phase Error              (PE):    0.000ns

    Location             Delay type                Incr(ns)  Path(ns)    Netlist Resource(s)
  -------------------------------------------------------------------    -------------------
    J15                                               0.000     0.000 f  en0_port (IN)
                         net (fo=0)                   0.000     0.000    en0_port
    J15                  IBUF (Prop_ibuf_I_O)         1.478     1.478 f  en0_port_IBUF_inst/O
                         net (fo=4, routed)           1.219     2.696    design_random_i/nand_module_0/en0
    SLICE_X1Y112         LUT2 (Prop_lut2_I1_O)        0.118     2.814 r  design_random_i/nand_module_0/out_nand_INST_0/O
                         net (fo=2, routed)           0.000     2.814    design_random_i/dff_module1_0/inst/in_dff
    SLICE_X1Y112         FDRE                                         r  design_random_i/dff_module1_0/inst/state_reg/D
  -------------------------------------------------------------------    -------------------

                         (clock sys_clk_pin rise edge)
                                                      0.000     0.000 r  
    E3                                                0.000     0.000 r  clk_port (IN)
                         net (fo=0)                   0.000     0.000    clk_port
    E3                   IBUF (Prop_ibuf_I_O)         1.411     1.411 r  clk_port_IBUF_inst/O
                         net (fo=7, routed)           2.549     3.960    design_random_i/dff_module1_0/inst/clk
    SLICE_X1Y112         FDRE                                         r  design_random_i/dff_module1_0/inst/state_reg/C





Min Delay Paths
--------------------------------------------------------------------------------------
Slack:                    inf
  Source:                 en0_port
                            (input port)
  Destination:            design_random_i/dff_module1_0/inst/state_reg/D
                            (rising edge-triggered cell FDRE clocked by sys_clk_pin  {rise@0.000ns fall@5.000ns period=10.000ns})
  Path Group:             (none)
  Path Type:              Hold (Min at Fast Process Corner)
  Data Path Delay:        0.783ns  (logic 0.293ns (37.474%)  route 0.490ns (62.526%))
  Logic Levels:           2  (IBUF=1 LUT2=1)
  Clock Path Skew:        1.942ns (DCD - SCD - CPR)
    Destination Clock Delay (DCD):    1.942ns
    Source Clock Delay      (SCD):    0.000ns
    Clock Pessimism Removal (CPR):    -0.000ns

    Location             Delay type                Incr(ns)  Path(ns)    Netlist Resource(s)
  -------------------------------------------------------------------    -------------------
    J15                                               0.000     0.000 f  en0_port (IN)
                         net (fo=0)                   0.000     0.000    en0_port
    J15                  IBUF (Prop_ibuf_I_O)         0.245     0.245 f  en0_port_IBUF_inst/O
                         net (fo=4, routed)           0.490     0.735    design_random_i/nand_module_0/en0
    SLICE_X1Y112         LUT2 (Prop_lut2_I1_O)        0.048     0.783 r  design_random_i/nand_module_0/out_nand_INST_0/O
                         net (fo=2, routed)           0.000     0.783    design_random_i/dff_module1_0/inst/in_dff
    SLICE_X1Y112         FDRE                                         r  design_random_i/dff_module1_0/inst/state_reg/D
  -------------------------------------------------------------------    -------------------

                         (clock sys_clk_pin rise edge)
                                                      0.000     0.000 r  
    E3                                                0.000     0.000 r  clk_port (IN)
                         net (fo=0)                   0.000     0.000    clk_port
    E3                   IBUF (Prop_ibuf_I_O)         0.438     0.438 r  clk_port_IBUF_inst/O
                         net (fo=7, routed)           1.505     1.942    design_random_i/dff_module1_0/inst/clk
    SLICE_X1Y112         FDRE                                         r  design_random_i/dff_module1_0/inst/state_reg/C

Slack:                    inf
  Source:                 en0_port
                            (input port)
  Destination:            design_random_i/dff_module1_3/inst/state_reg/D
                            (rising edge-triggered cell FDRE clocked by sys_clk_pin  {rise@0.000ns fall@5.000ns period=10.000ns})
  Path Group:             (none)
  Path Type:              Hold (Min at Fast Process Corner)
  Data Path Delay:        0.941ns  (logic 0.294ns (31.307%)  route 0.646ns (68.693%))
  Logic Levels:           2  (IBUF=1 LUT2=1)
  Clock Path Skew:        1.942ns (DCD - SCD - CPR)
    Destination Clock Delay (DCD):    1.942ns
    Source Clock Delay      (SCD):    0.000ns
    Clock Pessimism Removal (CPR):    -0.000ns

    Location             Delay type                Incr(ns)  Path(ns)    Netlist Resource(s)
  -------------------------------------------------------------------    -------------------
    J15                                               0.000     0.000 f  en0_port (IN)
                         net (fo=0)                   0.000     0.000    en0_port
    J15                  IBUF (Prop_ibuf_I_O)         0.245     0.245 f  en0_port_IBUF_inst/O
                         net (fo=4, routed)           0.505     0.751    design_random_i/nand_module_3/en0
    SLICE_X0Y112         LUT2 (Prop_lut2_I1_O)        0.049     0.800 r  design_random_i/nand_module_3/out_nand_INST_0/O
                         net (fo=2, routed)           0.141     0.941    design_random_i/dff_module1_3/inst/in_dff
    SLICE_X0Y112         FDRE                                         r  design_random_i/dff_module1_3/inst/state_reg/D
  -------------------------------------------------------------------    -------------------

                         (clock sys_clk_pin rise edge)
                                                      0.000     0.000 r  
    E3                                                0.000     0.000 r  clk_port (IN)
                         net (fo=0)                   0.000     0.000    clk_port
    E3                   IBUF (Prop_ibuf_I_O)         0.438     0.438 r  clk_port_IBUF_inst/O
                         net (fo=7, routed)           1.505     1.942    design_random_i/dff_module1_3/inst/clk
    SLICE_X0Y112         FDRE                                         r  design_random_i/dff_module1_3/inst/state_reg/C

Slack:                    inf
  Source:                 en0_port
                            (input port)
  Destination:            design_random_i/dff_module1_1/inst/state_reg/D
                            (rising edge-triggered cell FDRE clocked by sys_clk_pin  {rise@0.000ns fall@5.000ns period=10.000ns})
  Path Group:             (none)
  Path Type:              Hold (Min at Fast Process Corner)
  Data Path Delay:        0.961ns  (logic 0.290ns (30.225%)  route 0.671ns (69.775%))
  Logic Levels:           2  (IBUF=1 LUT2=1)
  Clock Path Skew:        1.942ns (DCD - SCD - CPR)
    Destination Clock Delay (DCD):    1.942ns
    Source Clock Delay      (SCD):    0.000ns
    Clock Pessimism Removal (CPR):    -0.000ns

    Location             Delay type                Incr(ns)  Path(ns)    Netlist Resource(s)
  -------------------------------------------------------------------    -------------------
    J15                                               0.000     0.000 f  en0_port (IN)
                         net (fo=0)                   0.000     0.000    en0_port
    J15                  IBUF (Prop_ibuf_I_O)         0.245     0.245 f  en0_port_IBUF_inst/O
                         net (fo=4, routed)           0.490     0.735    design_random_i/nand_module_1/en0
    SLICE_X1Y112         LUT2 (Prop_lut2_I1_O)        0.045     0.780 r  design_random_i/nand_module_1/out_nand_INST_0/O
                         net (fo=2, routed)           0.181     0.961    design_random_i/dff_module1_1/inst/in_dff
    SLICE_X1Y112         FDRE                                         r  design_random_i/dff_module1_1/inst/state_reg/D
  -------------------------------------------------------------------    -------------------

                         (clock sys_clk_pin rise edge)
                                                      0.000     0.000 r  
    E3                                                0.000     0.000 r  clk_port (IN)
                         net (fo=0)                   0.000     0.000    clk_port
    E3                   IBUF (Prop_ibuf_I_O)         0.438     0.438 r  clk_port_IBUF_inst/O
                         net (fo=7, routed)           1.505     1.942    design_random_i/dff_module1_1/inst/clk
    SLICE_X1Y112         FDRE                                         r  design_random_i/dff_module1_1/inst/state_reg/C

Slack:                    inf
  Source:                 en1_port
                            (input port)
  Destination:            design_random_i/dff_module1_6/inst/state_reg/D
                            (rising edge-triggered cell FDRE clocked by sys_clk_pin  {rise@0.000ns fall@5.000ns period=10.000ns})
  Path Group:             (none)
  Path Type:              Hold (Min at Fast Process Corner)
  Data Path Delay:        1.033ns  (logic 0.289ns (28.014%)  route 0.744ns (71.986%))
  Logic Levels:           2  (IBUF=1 LUT2=1)
  Clock Path Skew:        1.942ns (DCD - SCD - CPR)
    Destination Clock Delay (DCD):    1.942ns
    Source Clock Delay      (SCD):    0.000ns
    Clock Pessimism Removal (CPR):    -0.000ns

    Location             Delay type                Incr(ns)  Path(ns)    Netlist Resource(s)
  -------------------------------------------------------------------    -------------------
    L16                                               0.000     0.000 f  en1_port (IN)
                         net (fo=0)                   0.000     0.000    en1_port
    L16                  IBUF (Prop_ibuf_I_O)         0.247     0.247 f  en1_port_IBUF_inst/O
                         net (fo=2, routed)           0.744     0.991    design_random_i/nand_module_6/en0
    SLICE_X0Y112         LUT2 (Prop_lut2_I1_O)        0.042     1.033 r  design_random_i/nand_module_6/out_nand_INST_0/O
                         net (fo=2, routed)           0.000     1.033    design_random_i/dff_module1_6/inst/in_dff
    SLICE_X0Y112         FDRE                                         r  design_random_i/dff_module1_6/inst/state_reg/D
  -------------------------------------------------------------------    -------------------

                         (clock sys_clk_pin rise edge)
                                                      0.000     0.000 r  
    E3                                                0.000     0.000 r  clk_port (IN)
                         net (fo=0)                   0.000     0.000    clk_port
    E3                   IBUF (Prop_ibuf_I_O)         0.438     0.438 r  clk_port_IBUF_inst/O
                         net (fo=7, routed)           1.505     1.942    design_random_i/dff_module1_6/inst/clk
    SLICE_X0Y112         FDRE                                         r  design_random_i/dff_module1_6/inst/state_reg/C

Slack:                    inf
  Source:                 en1_port
                            (input port)
  Destination:            design_random_i/dff_module1_5/inst/state_reg/D
                            (rising edge-triggered cell FDRE clocked by sys_clk_pin  {rise@0.000ns fall@5.000ns period=10.000ns})
  Path Group:             (none)
  Path Type:              Hold (Min at Fast Process Corner)
  Data Path Delay:        1.164ns  (logic 0.292ns (25.127%)  route 0.871ns (74.873%))
  Logic Levels:           2  (IBUF=1 LUT2=1)
  Clock Path Skew:        1.942ns (DCD - SCD - CPR)
    Destination Clock Delay (DCD):    1.942ns
    Source Clock Delay      (SCD):    0.000ns
    Clock Pessimism Removal (CPR):    -0.000ns

    Location             Delay type                Incr(ns)  Path(ns)    Netlist Resource(s)
  -------------------------------------------------------------------    -------------------
    L16                                               0.000     0.000 f  en1_port (IN)
                         net (fo=0)                   0.000     0.000    en1_port
    L16                  IBUF (Prop_ibuf_I_O)         0.247     0.247 f  en1_port_IBUF_inst/O
                         net (fo=2, routed)           0.744     0.991    design_random_i/nand_module_5/en0
    SLICE_X0Y112         LUT2 (Prop_lut2_I1_O)        0.045     1.036 r  design_random_i/nand_module_5/out_nand_INST_0/O
                         net (fo=2, routed)           0.128     1.164    design_random_i/dff_module1_5/inst/in_dff
    SLICE_X0Y112         FDRE                                         r  design_random_i/dff_module1_5/inst/state_reg/D
  -------------------------------------------------------------------    -------------------

                         (clock sys_clk_pin rise edge)
                                                      0.000     0.000 r  
    E3                                                0.000     0.000 r  clk_port (IN)
                         net (fo=0)                   0.000     0.000    clk_port
    E3                   IBUF (Prop_ibuf_I_O)         0.438     0.438 r  clk_port_IBUF_inst/O
                         net (fo=7, routed)           1.505     1.942    design_random_i/dff_module1_5/inst/clk
    SLICE_X0Y112         FDRE                                         r  design_random_i/dff_module1_5/inst/state_reg/C

Slack:                    inf
  Source:                 en0_port
                            (input port)
  Destination:            design_random_i/dff_module1_2/inst/state_reg/D
                            (rising edge-triggered cell FDRE clocked by sys_clk_pin  {rise@0.000ns fall@5.000ns period=10.000ns})
  Path Group:             (none)
  Path Type:              Hold (Min at Fast Process Corner)
  Data Path Delay:        1.177ns  (logic 0.290ns (24.680%)  route 0.886ns (75.320%))
  Logic Levels:           2  (IBUF=1 LUT2=1)
  Clock Path Skew:        1.942ns (DCD - SCD - CPR)
    Destination Clock Delay (DCD):    1.942ns
    Source Clock Delay      (SCD):    0.000ns
    Clock Pessimism Removal (CPR):    -0.000ns

    Location             Delay type                Incr(ns)  Path(ns)    Netlist Resource(s)
  -------------------------------------------------------------------    -------------------
    J15                                               0.000     0.000 r  en0_port (IN)
                         net (fo=0)                   0.000     0.000    en0_port
    J15                  IBUF (Prop_ibuf_I_O)         0.245     0.245 r  en0_port_IBUF_inst/O
                         net (fo=4, routed)           0.505     0.751    design_random_i/nand_module_2/en0
    SLICE_X0Y112         LUT2 (Prop_lut2_I1_O)        0.045     0.796 r  design_random_i/nand_module_2/out_nand_INST_0/O
                         net (fo=2, routed)           0.381     1.177    design_random_i/dff_module1_2/inst/in_dff
    SLICE_X1Y112         FDRE                                         r  design_random_i/dff_module1_2/inst/state_reg/D
  -------------------------------------------------------------------    -------------------

                         (clock sys_clk_pin rise edge)
                                                      0.000     0.000 r  
    E3                                                0.000     0.000 r  clk_port (IN)
                         net (fo=0)                   0.000     0.000    clk_port
    E3                   IBUF (Prop_ibuf_I_O)         0.438     0.438 r  clk_port_IBUF_inst/O
                         net (fo=7, routed)           1.505     1.942    design_random_i/dff_module1_2/inst/clk
    SLICE_X1Y112         FDRE                                         r  design_random_i/dff_module1_2/inst/state_reg/C





