Copyright 1986-2022 Xilinx, Inc. All Rights Reserved. Copyright 2022-2024 Advanced Micro Devices, Inc. All Rights Reserved.
-----------------------------------------------------------------------------------------------------------------------------------------------------------------------------------------------------
| Tool Version : Vivado v.2024.2 (win64) Build 5239630 Fri Nov 08 22:35:27 MST 2024
| Date         : Fri Dec 19 20:23:16 2025
| Host         : DESKTOP-1986M2J running 64-bit major release  (build 9200)
| Command      : report_methodology -file design_random_wrapper_methodology_drc_routed.rpt -pb design_random_wrapper_methodology_drc_routed.pb -rpx design_random_wrapper_methodology_drc_routed.rpx
| Design       : design_random_wrapper
| Device       : xc7a100tcsg324-1
| Speed File   : -1
| Design State : Fully Routed
-----------------------------------------------------------------------------------------------------------------------------------------------------------------------------------------------------

Report Methodology

Table of Contents
-----------------
1. REPORT SUMMARY
2. REPORT DETAILS

1. REPORT SUMMARY
-----------------
            Netlist: netlist
          Floorplan: design_1
      Design limits: <entire design considered>
             Max checks: <unlimited>
             Checks found: 10
+-----------+----------+------------------------------------------------------------------+--------+
| Rule      | Severity | Description                                                      | Checks |
+-----------+----------+------------------------------------------------------------------+--------+
| CKLD-2    | Warning  | Clock Net has IO Driver, not a Clock Buf, and/or non-Clock loads | 1      |
| TIMING-18 | Warning  | Missing input or output delay                                    | 3      |
| TIMING-23 | Warning  | Combinational loop found                                         | 6      |
+-----------+----------+------------------------------------------------------------------+--------+

2. REPORT DETAILS
-----------------
CKLD-2#1 Warning
Clock Net has IO Driver, not a Clock Buf, and/or non-Clock loads  
Clock net clk_port_IBUF is directly driven by an IO rather than a Clock Buffer or may be an IO driving a mix of Clock Buffer and non-Clock loads. This connectivity should be reviewed and corrected as appropriate. Driver(s): clk_port_IBUF_inst/O, design_random_i/clk_port
Related violations: <none>

TIMING-18#1 Warning
Missing input or output delay  
An input delay is missing on en0_port relative to the rising and/or falling clock edge(s) of sys_clk_pin.
Related violations: <none>

TIMING-18#2 Warning
Missing input or output delay  
An input delay is missing on en1_port relative to the rising and/or falling clock edge(s) of sys_clk_pin.
Related violations: <none>

TIMING-18#3 Warning
Missing input or output delay  
An output delay is missing on out_port relative to the rising and/or falling clock edge(s) of sys_clk_pin.
Related violations: <none>

TIMING-23#1 Warning
Combinational loop found  
A timing loop has been detected on a combinational path. A timing arc has been disabled between design_random_i/nand_module_0/out_nand_INST_0/I0 and design_random_i/nand_module_0/out_nand_INST_0/O to disable the timing loop
Related violations: <none>

TIMING-23#2 Warning
Combinational loop found  
A timing loop has been detected on a combinational path. A timing arc has been disabled between design_random_i/nand_module_1/out_nand_INST_0/I0 and design_random_i/nand_module_1/out_nand_INST_0/O to disable the timing loop
Related violations: <none>

TIMING-23#3 Warning
Combinational loop found  
A timing loop has been detected on a combinational path. A timing arc has been disabled between design_random_i/nand_module_2/out_nand_INST_0/I0 and design_random_i/nand_module_2/out_nand_INST_0/O to disable the timing loop
Related violations: <none>

TIMING-23#4 Warning
Combinational loop found  
A timing loop has been detected on a combinational path. A timing arc has been disabled between design_random_i/nand_module_3/out_nand_INST_0/I0 and design_random_i/nand_module_3/out_nand_INST_0/O to disable the timing loop
Related violations: <none>

TIMING-23#5 Warning
Combinational loop found  
A timing loop has been detected on a combinational path. A timing arc has been disabled between design_random_i/nand_module_5/out_nand_INST_0/I0 and design_random_i/nand_module_5/out_nand_INST_0/O to disable the timing loop
Related violations: <none>

TIMING-23#6 Warning
Combinational loop found  
A timing loop has been detected on a combinational path. A timing arc has been disabled between design_random_i/nand_module_6/out_nand_INST_0/I0 and design_random_i/nand_module_6/out_nand_INST_0/O to disable the timing loop
Related violations: <none>


