#-----------------------------------------------------------
# Vivado v2023.2 (64-bit)
# SW Build 4029153 on Fri Oct 13 20:14:34 MDT 2023
# IP Build 4028589 on Sat Oct 14 00:45:43 MDT 2023
# SharedData Build 4025554 on Tue Oct 10 17:18:54 MDT 2023
# Start of session at: Thu Dec 18 18:19:49 2025
# Process ID: 2628
# Current directory: C:/Users/Alexandra/Desktop/Random_generator_module/Random_generator_module/random_generator_project
# Command line: vivado.exe -gui_launcher_event rodinguilauncherevent23896 C:\Users\Alexandra\Desktop\Random_generator_module\Random_generator_module\random_generator_project\random_generator_project.xpr
# Log file: C:/Users/Alexandra/Desktop/Random_generator_module/Random_generator_module/random_generator_project/vivado.log
# Journal file: C:/Users/Alexandra/Desktop/Random_generator_module/Random_generator_module/random_generator_project\vivado.jou
# Running On: DESKTOP-MU5Q6FH, OS: Windows, CPU Frequency: 2611 MHz, CPU Physical cores: 8, Host memory: 16857 MB
#-----------------------------------------------------------
start_gui
open_project C:/Users/Alexandra/Desktop/Random_generator_module/Random_generator_module/random_generator_project/random_generator_project.xpr
INFO: [ProjectBase 1-489] The host OS only allows 260 characters in a normal path. The project is stored in a path with more than 80 characters. If you experience issues with IP, Block Designs, or files not being found, please consider moving the project to a location with a shorter path. Alternately consider using the OS subst command to map part of the path to a drive letter.
Current project path is 'C:/Users/Alexandra/Desktop/Random_generator_module/Random_generator_module/random_generator_project'
WARNING: [Board 49-26] cannot add Board Part xilinx.com:k24c:part0:1.0 available at C:/Xilinx/Vivado/2023.2/data/xhub/boards/XilinxBoardStore/boards/Xilinx/k24c/1.0/board.xml as part xck24-ubva530-2lv-c specified in board_part file is either invalid or not available
WARNING: [Board 49-26] cannot add Board Part xilinx.com:k24i:part0:1.0 available at C:/Xilinx/Vivado/2023.2/data/xhub/boards/XilinxBoardStore/boards/Xilinx/k24i/1.0/board.xml as part xck24-ubva530-2lvi-i specified in board_part file is either invalid or not available
WARNING: [Board 49-26] cannot add Board Part xilinx.com:k26c:part0:1.2 available at C:/Xilinx/Vivado/2023.2/data/xhub/boards/XilinxBoardStore/boards/Xilinx/k26c/1.2/board.xml as part xck26-sfvc784-2lv-c specified in board_part file is either invalid or not available
WARNING: [Board 49-26] cannot add Board Part xilinx.com:k26c:part0:1.3 available at C:/Xilinx/Vivado/2023.2/data/xhub/boards/XilinxBoardStore/boards/Xilinx/k26c/1.3/board.xml as part xck26-sfvc784-2lv-c specified in board_part file is either invalid or not available
WARNING: [Board 49-26] cannot add Board Part xilinx.com:k26c:part0:1.4 available at C:/Xilinx/Vivado/2023.2/data/xhub/boards/XilinxBoardStore/boards/Xilinx/k26c/1.4/board.xml as part xck26-sfvc784-2lv-c specified in board_part file is either invalid or not available
WARNING: [Board 49-26] cannot add Board Part xilinx.com:k26i:part0:1.2 available at C:/Xilinx/Vivado/2023.2/data/xhub/boards/XilinxBoardStore/boards/Xilinx/k26i/1.2/board.xml as part xck26-sfvc784-2lvi-i specified in board_part file is either invalid or not available
WARNING: [Board 49-26] cannot add Board Part xilinx.com:k26i:part0:1.3 available at C:/Xilinx/Vivado/2023.2/data/xhub/boards/XilinxBoardStore/boards/Xilinx/k26i/1.3/board.xml as part xck26-sfvc784-2lvi-i specified in board_part file is either invalid or not available
WARNING: [Board 49-26] cannot add Board Part xilinx.com:k26i:part0:1.4 available at C:/Xilinx/Vivado/2023.2/data/xhub/boards/XilinxBoardStore/boards/Xilinx/k26i/1.4/board.xml as part xck26-sfvc784-2lvi-i specified in board_part file is either invalid or not available
WARNING: [Board 49-26] cannot add Board Part xilinx.com:kc705:part0:1.6 available at C:/Xilinx/Vivado/2023.2/data/xhub/boards/XilinxBoardStore/boards/Xilinx/kc705/1.6/board.xml as part xc7k325tffg900-2 specified in board_part file is either invalid or not available
WARNING: [Board 49-26] cannot add Board Part xilinx.com:kcu105:part0:1.6 available at C:/Xilinx/Vivado/2023.2/data/xhub/boards/XilinxBoardStore/boards/Xilinx/kcu105/1.6/board.xml as part xcku040-ffva1156-2-e specified in board_part file is either invalid or not available
WARNING: [Board 49-26] cannot add Board Part xilinx.com:kcu105:part0:1.7 available at C:/Xilinx/Vivado/2023.2/data/xhub/boards/XilinxBoardStore/boards/Xilinx/kcu105/1.7/board.xml as part xcku040-ffva1156-2-e specified in board_part file is either invalid or not available
WARNING: [Board 49-26] cannot add Board Part xilinx.com:kcu116:part0:1.4 available at C:/Xilinx/Vivado/2023.2/data/xhub/boards/XilinxBoardStore/boards/Xilinx/kcu116/1.4/board.xml as part xcku5p-ffvb676-2-e specified in board_part file is either invalid or not available
WARNING: [Board 49-26] cannot add Board Part xilinx.com:kcu116:part0:1.5 available at C:/Xilinx/Vivado/2023.2/data/xhub/boards/XilinxBoardStore/boards/Xilinx/kcu116/1.5/board.xml as part xcku5p-ffvb676-2-e specified in board_part file is either invalid or not available
WARNING: [Board 49-26] cannot add Board Part xilinx.com:kcu1500:part0:1.2 available at C:/Xilinx/Vivado/2023.2/data/xhub/boards/XilinxBoardStore/boards/Xilinx/kcu1500/1.2/board.xml as part xcku115-flvb2104-2-e specified in board_part file is either invalid or not available
WARNING: [Board 49-26] cannot add Board Part xilinx.com:kd240_som:part0:1.0 available at C:/Xilinx/Vivado/2023.2/data/xhub/boards/XilinxBoardStore/boards/Xilinx/kd240_som/1.0/board.xml as part xck24-ubva530-2lv-c specified in board_part file is either invalid or not available
WARNING: [Board 49-26] cannot add Board Part xilinx.com:kr260_som:part0:1.0 available at C:/Xilinx/Vivado/2023.2/data/xhub/boards/XilinxBoardStore/boards/Xilinx/kr260_som/1.0/board.xml as part xck26-sfvc784-2lv-c specified in board_part file is either invalid or not available
WARNING: [Board 49-26] cannot add Board Part xilinx.com:kr260_som:part0:1.1 available at C:/Xilinx/Vivado/2023.2/data/xhub/boards/XilinxBoardStore/boards/Xilinx/kr260_som/1.1/board.xml as part xck26-sfvc784-2lv-c specified in board_part file is either invalid or not available
WARNING: [Board 49-26] cannot add Board Part xilinx.com:kv260_som:part0:1.2 available at C:/Xilinx/Vivado/2023.2/data/xhub/boards/XilinxBoardStore/boards/Xilinx/kv260_som/1.2/board.xml as part xck26-sfvc784-2lv-c specified in board_part file is either invalid or not available
WARNING: [Board 49-26] cannot add Board Part xilinx.com:kv260_som:part0:1.3 available at C:/Xilinx/Vivado/2023.2/data/xhub/boards/XilinxBoardStore/boards/Xilinx/kv260_som/1.3/board.xml as part xck26-sfvc784-2lv-c specified in board_part file is either invalid or not available
WARNING: [Board 49-26] cannot add Board Part xilinx.com:kv260_som:part0:1.4 available at C:/Xilinx/Vivado/2023.2/data/xhub/boards/XilinxBoardStore/boards/Xilinx/kv260_som/1.4/board.xml as part xck26-sfvc784-2lv-c specified in board_part file is either invalid or not available
WARNING: [Board 49-26] cannot add Board Part xilinx.com:sp701:part0:1.0 available at C:/Xilinx/Vivado/2023.2/data/xhub/boards/XilinxBoardStore/boards/Xilinx/sp701/1.0/board.xml as part xc7s100fgga676-2 specified in board_part file is either invalid or not available
WARNING: [Board 49-26] cannot add Board Part xilinx.com:sp701:part0:1.1 available at C:/Xilinx/Vivado/2023.2/data/xhub/boards/XilinxBoardStore/boards/Xilinx/sp701/1.1/board.xml as part xc7s100fgga676-2 specified in board_part file is either invalid or not available
WARNING: [Board 49-26] cannot add Board Part xilinx.com:vc707:part0:1.4 available at C:/Xilinx/Vivado/2023.2/data/xhub/boards/XilinxBoardStore/boards/Xilinx/vc707/1.4/board.xml as part xc7vx485tffg1761-2 specified in board_part file is either invalid or not available
WARNING: [Board 49-26] cannot add Board Part xilinx.com:vc709:part0:1.8 available at C:/Xilinx/Vivado/2023.2/data/xhub/boards/XilinxBoardStore/boards/Xilinx/vc709/1.8/board.xml as part xc7vx690tffg1761-2 specified in board_part file is either invalid or not available
WARNING: [Board 49-26] cannot add Board Part xilinx.com:vck190:part0:2.2 available at C:/Xilinx/Vivado/2023.2/data/xhub/boards/XilinxBoardStore/boards/Xilinx/vck190/production/2.2/board.xml as part xcvc1902-vsva2197-2mp-e-s specified in board_part file is either invalid or not available
WARNING: [Board 49-26] cannot add Board Part xilinx.com:vck190:part0:3.0 available at C:/Xilinx/Vivado/2023.2/data/xhub/boards/XilinxBoardStore/boards/Xilinx/vck190/production/3.0/board.xml as part xcvc1902-vsva2197-2mp-e-s specified in board_part file is either invalid or not available
WARNING: [Board 49-26] cannot add Board Part xilinx.com:vck190:part0:3.1 available at C:/Xilinx/Vivado/2023.2/data/xhub/boards/XilinxBoardStore/boards/Xilinx/vck190/production/3.1/board.xml as part xcvc1902-vsva2197-2mp-e-s specified in board_part file is either invalid or not available
WARNING: [Board 49-26] cannot add Board Part xilinx.com:vck190:part0:3.2 available at C:/Xilinx/Vivado/2023.2/data/xhub/boards/XilinxBoardStore/boards/Xilinx/vck190/production/3.2/board.xml as part xcvc1902-vsva2197-2mp-e-s specified in board_part file is either invalid or not available
WARNING: [Board 49-26] cannot add Board Part xilinx.com:vck190_newl:part0:1.0 available at C:/Xilinx/Vivado/2023.2/data/xhub/boards/XilinxBoardStore/boards/Xilinx/vck190_newl/production/1.0/board.xml as part xcvc1902-vsva2197-2mp-e-s specified in board_part file is either invalid or not available
WARNING: [Board 49-26] cannot add Board Part xilinx.com:vck190_newl:part0:1.1 available at C:/Xilinx/Vivado/2023.2/data/xhub/boards/XilinxBoardStore/boards/Xilinx/vck190_newl/production/1.1/board.xml as part xcvc1902-vsva2197-2mp-e-s specified in board_part file is either invalid or not available
WARNING: [Board 49-26] cannot add Board Part xilinx.com:vcu108:part0:1.6 available at C:/Xilinx/Vivado/2023.2/data/xhub/boards/XilinxBoardStore/boards/Xilinx/vcu108/1.6/board.xml as part xcvu095-ffva2104-2-e specified in board_part file is either invalid or not available
WARNING: [Board 49-26] cannot add Board Part xilinx.com:vcu108:part0:1.7 available at C:/Xilinx/Vivado/2023.2/data/xhub/boards/XilinxBoardStore/boards/Xilinx/vcu108/1.7/board.xml as part xcvu095-ffva2104-2-e specified in board_part file is either invalid or not available
WARNING: [Board 49-26] cannot add Board Part xilinx.com:vcu110:part0:1.4 available at C:/Xilinx/Vivado/2023.2/data/xhub/boards/XilinxBoardStore/boards/Xilinx/vcu110/1.4/board.xml as part xcvu190-flgc2104-2-e specified in board_part file is either invalid or not available
WARNING: [Board 49-26] cannot add Board Part xilinx.com:vcu118:part0:2.0 available at C:/Xilinx/Vivado/2023.2/data/xhub/boards/XilinxBoardStore/boards/Xilinx/vcu118/2.0/board.xml as part xcvu9p-flga2104-2l-e specified in board_part file is either invalid or not available
WARNING: [Board 49-26] cannot add Board Part xilinx.com:vcu118:part0:2.3 available at C:/Xilinx/Vivado/2023.2/data/xhub/boards/XilinxBoardStore/boards/Xilinx/vcu118/2.3/board.xml as part xcvu9p-flga2104-2l-e specified in board_part file is either invalid or not available
WARNING: [Board 49-26] cannot add Board Part xilinx.com:vcu118:part0:2.4 available at C:/Xilinx/Vivado/2023.2/data/xhub/boards/XilinxBoardStore/boards/Xilinx/vcu118/2.4/board.xml as part xcvu9p-flga2104-2l-e specified in board_part file is either invalid or not available
WARNING: [Board 49-26] cannot add Board Part xilinx.com:vcu128:part0:1.0 available at C:/Xilinx/Vivado/2023.2/data/xhub/boards/XilinxBoardStore/boards/Xilinx/vcu128/production/1.0/board.xml as part xcvu37p-fsvh2892-2l-e specified in board_part file is either invalid or not available
WARNING: [Board 49-26] cannot add Board Part xilinx.com:vcu129:part0:1.0 available at C:/Xilinx/Vivado/2023.2/data/xhub/boards/XilinxBoardStore/boards/Xilinx/vcu129/production/1.0/board.xml as part xcvu29p-fsga2577-2l-e specified in board_part file is either invalid or not available
WARNING: [Board 49-26] cannot add Board Part xilinx.com:vcu1525:part0:1.3 available at C:/Xilinx/Vivado/2023.2/data/xhub/boards/XilinxBoardStore/boards/Xilinx/vcu1525/1.3/board.xml as part xcvu9p-fsgd2104-2l-e specified in board_part file is either invalid or not available
WARNING: [Board 49-26] cannot add Board Part xilinx.com:vek280:part0:1.0 available at C:/Xilinx/Vivado/2023.2/data/xhub/boards/XilinxBoardStore/boards/Xilinx/vek280/production/1.0/board.xml as part xcve2802-vsvh1760-2mp-e-s specified in board_part file is either invalid or not available
WARNING: [Board 49-26] cannot add Board Part xilinx.com:vek280_es:part0:1.0 available at C:/Xilinx/Vivado/2023.2/data/xhub/boards/XilinxBoardStore/boards/Xilinx/vek280/es/rev_a/1.0/board.xml as part xcve2802-vsvh1760-2lp-e-s-es1 specified in board_part file is either invalid or not available
WARNING: [Board 49-26] cannot add Board Part xilinx.com:vek280_es:part0:1.1 available at C:/Xilinx/Vivado/2023.2/data/xhub/boards/XilinxBoardStore/boards/Xilinx/vek280/es/rev_a/1.1/board.xml as part xcve2802-vsvh1760-2lp-e-s-es1 specified in board_part file is either invalid or not available
WARNING: [Board 49-26] cannot add Board Part xilinx.com:vek280_es_revb:part0:1.0 available at C:/Xilinx/Vivado/2023.2/data/xhub/boards/XilinxBoardStore/boards/Xilinx/vek280/es/rev_b/1.0/board.xml as part xcve2802-vsvh1760-2mp-e-s-es1 specified in board_part file is either invalid or not available
WARNING: [Board 49-26] cannot add Board Part xilinx.com:vek280_es_revb:part0:1.1 available at C:/Xilinx/Vivado/2023.2/data/xhub/boards/XilinxBoardStore/boards/Xilinx/vek280/es/rev_b/1.1/board.xml as part xcve2802-vsvh1760-2mp-e-s-es1 specified in board_part file is either invalid or not available
WARNING: [Board 49-26] cannot add Board Part xilinx.com:vermeo_t1_mpsoc:part0:1.0 available at C:/Xilinx/Vivado/2023.2/data/xhub/boards/XilinxBoardStore/boards/Xilinx/vermeo_t1_mpsoc/1.0/board.xml as part xczu19eg-ffvd1760-2l-e specified in board_part file is either invalid or not available
WARNING: [Board 49-26] cannot add Board Part xilinx.com:vermeo_t1_rfsoc:part0:1.0 available at C:/Xilinx/Vivado/2023.2/data/xhub/boards/XilinxBoardStore/boards/Xilinx/vermeo_t1_rfsoc/1.0/board.xml as part xczu21dr-ffvd1156-2l-e specified in board_part file is either invalid or not available
WARNING: [Board 49-26] cannot add Board Part xilinx.com:vhk158:part0:1.0 available at C:/Xilinx/Vivado/2023.2/data/xhub/boards/XilinxBoardStore/boards/Xilinx/vhk158/production/1.0/board.xml as part xcvh1582-vsva3697-2mp-e-s specified in board_part file is either invalid or not available
WARNING: [Board 49-26] cannot add Board Part xilinx.com:vhk158:part0:1.1 available at C:/Xilinx/Vivado/2023.2/data/xhub/boards/XilinxBoardStore/boards/Xilinx/vhk158/production/1.1/board.xml as part xcvh1582-vsva3697-2mp-e-s specified in board_part file is either invalid or not available
WARNING: [Board 49-26] cannot add Board Part xilinx.com:vhk158_es:part0:1.0 available at C:/Xilinx/Vivado/2023.2/data/xhub/boards/XilinxBoardStore/boards/Xilinx/vhk158/es/1.0/board.xml as part xcvh1582-vsva3697-2mp-e-s-es1 specified in board_part file is either invalid or not available
WARNING: [Board 49-26] cannot add Board Part xilinx.com:vhk158_es:part0:1.1 available at C:/Xilinx/Vivado/2023.2/data/xhub/boards/XilinxBoardStore/boards/Xilinx/vhk158/es/1.1/board.xml as part xcvh1582-vsva3697-2mp-e-s-es1 specified in board_part file is either invalid or not available
WARNING: [Board 49-26] cannot add Board Part xilinx.com:vmk180:part0:2.2 available at C:/Xilinx/Vivado/2023.2/data/xhub/boards/XilinxBoardStore/boards/Xilinx/vmk180/production/2.2/board.xml as part xcvm1802-vsva2197-2mp-e-s specified in board_part file is either invalid or not available
WARNING: [Board 49-26] cannot add Board Part xilinx.com:vmk180:part0:3.0 available at C:/Xilinx/Vivado/2023.2/data/xhub/boards/XilinxBoardStore/boards/Xilinx/vmk180/production/3.0/board.xml as part xcvm1802-vsva2197-2mp-e-s specified in board_part file is either invalid or not available
WARNING: [Board 49-26] cannot add Board Part xilinx.com:vmk180:part0:3.1 available at C:/Xilinx/Vivado/2023.2/data/xhub/boards/XilinxBoardStore/boards/Xilinx/vmk180/production/3.1/board.xml as part xcvm1802-vsva2197-2mp-e-s specified in board_part file is either invalid or not available
WARNING: [Board 49-26] cannot add Board Part xilinx.com:vmk180:part0:3.2 available at C:/Xilinx/Vivado/2023.2/data/xhub/boards/XilinxBoardStore/boards/Xilinx/vmk180/production/3.2/board.xml as part xcvm1802-vsva2197-2mp-e-s specified in board_part file is either invalid or not available
WARNING: [Board 49-26] cannot add Board Part xilinx.com:vmk180_newl:part0:1.0 available at C:/Xilinx/Vivado/2023.2/data/xhub/boards/XilinxBoardStore/boards/Xilinx/vmk180_newl/production/1.0/board.xml as part xcvm1802-vsva2197-2mp-e-s specified in board_part file is either invalid or not available
WARNING: [Board 49-26] cannot add Board Part xilinx.com:vmk180_newl:part0:1.1 available at C:/Xilinx/Vivado/2023.2/data/xhub/boards/XilinxBoardStore/boards/Xilinx/vmk180_newl/production/1.1/board.xml as part xcvm1802-vsva2197-2mp-e-s specified in board_part file is either invalid or not available
WARNING: [Board 49-26] cannot add Board Part xilinx.com:vpk120:part0:1.0 available at C:/Xilinx/Vivado/2023.2/data/xhub/boards/XilinxBoardStore/boards/Xilinx/vpk120/production/1.0/board.xml as part xcvp1202-vsva2785-2mp-e-s specified in board_part file is either invalid or not available
WARNING: [Board 49-26] cannot add Board Part xilinx.com:vpk120:part0:1.1 available at C:/Xilinx/Vivado/2023.2/data/xhub/boards/XilinxBoardStore/boards/Xilinx/vpk120/production/1.1/board.xml as part xcvp1202-vsva2785-2mp-e-s specified in board_part file is either invalid or not available
WARNING: [Board 49-26] cannot add Board Part xilinx.com:vpk120:part0:1.2 available at C:/Xilinx/Vivado/2023.2/data/xhub/boards/XilinxBoardStore/boards/Xilinx/vpk120/production/1.2/board.xml as part xcvp1202-vsva2785-2mp-e-s specified in board_part file is either invalid or not available
WARNING: [Board 49-26] cannot add Board Part xilinx.com:vpk180:part0:1.0 available at C:/Xilinx/Vivado/2023.2/data/xhub/boards/XilinxBoardStore/boards/Xilinx/vpk180/production/1.0/board.xml as part xcvp1802-lsvc4072-2mp-e-s specified in board_part file is either invalid or not available
WARNING: [Board 49-26] cannot add Board Part xilinx.com:vpk180:part0:1.1 available at C:/Xilinx/Vivado/2023.2/data/xhub/boards/XilinxBoardStore/boards/Xilinx/vpk180/production/1.1/board.xml as part xcvp1802-lsvc4072-2mp-e-s specified in board_part file is either invalid or not available
WARNING: [Board 49-26] cannot add Board Part xilinx.com:zc702:part0:1.4 available at C:/Xilinx/Vivado/2023.2/data/xhub/boards/XilinxBoardStore/boards/Xilinx/zc702/1.4/board.xml as part xc7z020clg484-1 specified in board_part file is either invalid or not available
WARNING: [Board 49-26] cannot add Board Part xilinx.com:zc706:part0:1.4 available at C:/Xilinx/Vivado/2023.2/data/xhub/boards/XilinxBoardStore/boards/Xilinx/zc706/1.4/board.xml as part xc7z045ffg900-2 specified in board_part file is either invalid or not available
WARNING: [Board 49-26] cannot add Board Part xilinx.com:zcu102:part0:3.3 available at C:/Xilinx/Vivado/2023.2/data/xhub/boards/XilinxBoardStore/boards/Xilinx/zcu102/3.3/board.xml as part xczu9eg-ffvb1156-2-e specified in board_part file is either invalid or not available
WARNING: [Board 49-26] cannot add Board Part xilinx.com:zcu102:part0:3.4 available at C:/Xilinx/Vivado/2023.2/data/xhub/boards/XilinxBoardStore/boards/Xilinx/zcu102/3.4/board.xml as part xczu9eg-ffvb1156-2-e specified in board_part file is either invalid or not available
WARNING: [Board 49-26] cannot add Board Part xilinx.com:zcu104:part0:1.1 available at C:/Xilinx/Vivado/2023.2/data/xhub/boards/XilinxBoardStore/boards/Xilinx/zcu104/1.1/board.xml as part xczu7ev-ffvc1156-2-e specified in board_part file is either invalid or not available
WARNING: [Board 49-26] cannot add Board Part xilinx.com:zcu106:part0:2.4 available at C:/Xilinx/Vivado/2023.2/data/xhub/boards/XilinxBoardStore/boards/Xilinx/zcu106/2.4/board.xml as part xczu7ev-ffvc1156-2-e specified in board_part file is either invalid or not available
WARNING: [Board 49-26] cannot add Board Part xilinx.com:zcu106:part0:2.5 available at C:/Xilinx/Vivado/2023.2/data/xhub/boards/XilinxBoardStore/boards/Xilinx/zcu106/2.5/board.xml as part xczu7ev-ffvc1156-2-e specified in board_part file is either invalid or not available
WARNING: [Board 49-26] cannot add Board Part xilinx.com:zcu106:part0:2.6 available at C:/Xilinx/Vivado/2023.2/data/xhub/boards/XilinxBoardStore/boards/Xilinx/zcu106/2.6/board.xml as part xczu7ev-ffvc1156-2-e specified in board_part file is either invalid or not available
WARNING: [Board 49-26] cannot add Board Part xilinx.com:zcu111:part0:1.2 available at C:/Xilinx/Vivado/2023.2/data/xhub/boards/XilinxBoardStore/boards/Xilinx/zcu111/1.2/board.xml as part xczu28dr-ffvg1517-2-e specified in board_part file is either invalid or not available
WARNING: [Board 49-26] cannot add Board Part xilinx.com:zcu111:part0:1.3 available at C:/Xilinx/Vivado/2023.2/data/xhub/boards/XilinxBoardStore/boards/Xilinx/zcu111/1.3/board.xml as part xczu28dr-ffvg1517-2-e specified in board_part file is either invalid or not available
WARNING: [Board 49-26] cannot add Board Part xilinx.com:zcu111:part0:1.4 available at C:/Xilinx/Vivado/2023.2/data/xhub/boards/XilinxBoardStore/boards/Xilinx/zcu111/1.4/board.xml as part xczu28dr-ffvg1517-2-e specified in board_part file is either invalid or not available
WARNING: [Board 49-26] cannot add Board Part xilinx.com:zcu1275:part0:1.0 available at C:/Xilinx/Vivado/2023.2/data/xhub/boards/XilinxBoardStore/boards/Xilinx/zcu1275/1.0/board.xml as part xczu29dr-ffvf1760-2-e specified in board_part file is either invalid or not available
WARNING: [Board 49-26] cannot add Board Part xilinx.com:zcu1285:part0:1.0 available at C:/Xilinx/Vivado/2023.2/data/xhub/boards/XilinxBoardStore/boards/Xilinx/zcu1285/1.0/board.xml as part xczu39dr-ffvf1760-2-i specified in board_part file is either invalid or not available
WARNING: [Board 49-26] cannot add Board Part xilinx.com:zcu208:part0:2.0 available at C:/Xilinx/Vivado/2023.2/data/xhub/boards/XilinxBoardStore/boards/Xilinx/zcu208/production/2.0/board.xml as part xczu48dr-fsvg1517-2-e specified in board_part file is either invalid or not available
WARNING: [Board 49-26] cannot add Board Part xilinx.com:zcu208ld:part0:2.0 available at C:/Xilinx/Vivado/2023.2/data/xhub/boards/XilinxBoardStore/boards/Xilinx/zcu208ld/production/2.0/board.xml as part xczu58dr-fsvg1517-2-i specified in board_part file is either invalid or not available
WARNING: [Board 49-26] cannot add Board Part xilinx.com:zcu216:part0:2.0 available at C:/Xilinx/Vivado/2023.2/data/xhub/boards/XilinxBoardStore/boards/Xilinx/zcu216/production/2.0/board.xml as part xczu49dr-ffvf1760-2-e specified in board_part file is either invalid or not available
WARNING: [Board 49-26] cannot add Board Part xilinx.com:zcu216ld:part0:2.0 available at C:/Xilinx/Vivado/2023.2/data/xhub/boards/XilinxBoardStore/boards/Xilinx/zcu216ld/production/2.0/board.xml as part xczu59dr-ffvf1760-2-i specified in board_part file is either invalid or not available
WARNING: [Board 49-26] cannot add Board Part xilinx.com:zcu670:part0:2.0 available at C:/Xilinx/Vivado/2023.2/data/xhub/boards/XilinxBoardStore/boards/Xilinx/zcu670/2.0/board.xml as part xczu67dr-fsve1156-2-i specified in board_part file is either invalid or not available
WARNING: [Board 49-26] cannot add Board Part xilinx.com:zcu670ld:part0:1.0 available at C:/Xilinx/Vivado/2023.2/data/xhub/boards/XilinxBoardStore/boards/Xilinx/zcu670ld/1.0/board.xml as part xczu57dr-fsve1156-2-i specified in board_part file is either invalid or not available
INFO: [Project 1-313] Project file moved from 'C:/Users/Octa476/Desktop/Random_generator_module/random_generator_project' since last save.
CRITICAL WARNING: [Project 1-505] Unrecognized Option Name UseInlineHdlIP
ERROR: [Project 1-4421] No val for DA Elab Attr 'CosimPdi'
ERROR: [Project 1-4421] No val for DA Elab Attr 'CosimPlatform'
ERROR: [Project 1-4421] No val for DA Elab Attr 'CosimElf'
Scanning sources...
Finished scanning sources
CRITICAL WARNING: [Project 1-192] Failed to load run synth_1. Strategy Vivado Synthesis Defaults (Vivado Synthesis 2024) not recognized by Vivado. 

CRITICAL WARNING: [Project 1-192] Failed to load run impl_1. Strategy Vivado Implementation Defaults (Vivado Implementation 2024) not recognized by Vivado. 

INFO: [IP_Flow 19-234] Refreshing IP repositories
INFO: [IP_Flow 19-1704] No user IP repositories specified
INFO: [IP_Flow 19-2313] Loaded Vivado IP repository 'C:/Xilinx/Vivado/2023.2/data/ip'.
WARNING: [BD 41-1663] The design 'design_random.bd' cannot be modified due to following reason(s):
* Project is read-only. Please run 'save_project_as' before making any change to the bd-design. 

WARNING: [Project 1-231] Project 'random_generator_project.xpr' was created with a future version and may or may not perform reliably with this version of Vivado. It has been opened in read-only mode for the protection of unrecognized data. Use 'File | Save Project As...' if you wish to alter a copy of the project.
open_project: Time (s): cpu = 00:00:16 ; elapsed = 00:00:10 . Memory (MB): peak = 1425.191 ; gain = 239.152
ERROR: [Common 17-39] 'open_project' failed due to earlier errors.
save_project_as project_4 C:/Users/Alexandra/project_4 -force
INFO: [IP_Flow 19-5107] Inferred bus interface 'clk' of definition 'xilinx.com:signal:clock:1.0' (from Xilinx Repository).
WARNING: [IP_Flow 19-5661] Bus Interface 'clk' does not have any bus interfaces associated with it.
WARNING: [IP_Flow 19-11770] Clock interface 'clk' has no FREQ_HZ parameter.
INFO: [IP_Flow 19-5107] Inferred bus interface 'clk' of definition 'xilinx.com:signal:clock:1.0' (from Xilinx Repository).
WARNING: [IP_Flow 19-5661] Bus Interface 'clk' does not have any bus interfaces associated with it.
WARNING: [IP_Flow 19-11770] Clock interface 'clk' has no FREQ_HZ parameter.
INFO: [IP_Flow 19-5107] Inferred bus interface 'clk' of definition 'xilinx.com:signal:clock:1.0' (from Xilinx Repository).
WARNING: [IP_Flow 19-5661] Bus Interface 'clk' does not have any bus interfaces associated with it.
WARNING: [IP_Flow 19-11770] Clock interface 'clk' has no FREQ_HZ parameter.
INFO: [IP_Flow 19-5107] Inferred bus interface 'clk' of definition 'xilinx.com:signal:clock:1.0' (from Xilinx Repository).
WARNING: [IP_Flow 19-5661] Bus Interface 'clk' does not have any bus interfaces associated with it.
WARNING: [IP_Flow 19-11770] Clock interface 'clk' has no FREQ_HZ parameter.
INFO: [IP_Flow 19-5107] Inferred bus interface 'clk' of definition 'xilinx.com:signal:clock:1.0' (from Xilinx Repository).
WARNING: [IP_Flow 19-5661] Bus Interface 'clk' does not have any bus interfaces associated with it.
WARNING: [IP_Flow 19-11770] Clock interface 'clk' has no FREQ_HZ parameter.
INFO: [IP_Flow 19-5107] Inferred bus interface 'clk' of definition 'xilinx.com:signal:clock:1.0' (from Xilinx Repository).
WARNING: [IP_Flow 19-5661] Bus Interface 'clk' does not have any bus interfaces associated with it.
WARNING: [IP_Flow 19-11770] Clock interface 'clk' has no FREQ_HZ parameter.
INFO: [IP_Flow 19-5107] Inferred bus interface 'clk' of definition 'xilinx.com:signal:clock:1.0' (from Xilinx Repository).
WARNING: [IP_Flow 19-5661] Bus Interface 'clk' does not have any bus interfaces associated with it.
WARNING: [IP_Flow 19-11770] Clock interface 'clk' has no FREQ_HZ parameter.
save_project_as: Time (s): cpu = 00:00:13 ; elapsed = 00:00:08 . Memory (MB): peak = 1461.691 ; gain = 0.000
update_compile_order -fileset sources_1
launch_simulation
Command: launch_simulation 
INFO: [Vivado 12-12493] Simulation top is 'tb_design_random'
WARNING: [Vivado 12-13340] Unable to auto find GCC executables from simulator install path! (path not set)
INFO: [Vivado 12-5682] Launching behavioral simulation in 'C:/Users/Alexandra/project_4/project_4.sim/sim_1/behav/xsim'
INFO: [Vivado 12-13660] Precompiled IP simulation library mode is enabled (default). The design IP libraries will be referenced from the compiled library path. Please note that if the precompiled version of the library is not found from the path or the IP is in locked state, then the library source files for these IPs will be compiled locally as part of the compile order.
INFO: [Vivado 12-4795] Using compiled simulation libraries for IPs
INFO: [SIM-utils-51] Simulation object is 'sim_1'
INFO: [SIM-utils-72] Using boost library from 'C:/Xilinx/Vivado/2023.2/tps/boost_1_72_0'
INFO: [USF-XSim-7] Finding pre-compiled libraries...
INFO: [USF-XSim-11] File 'C:/Xilinx/Vivado/2023.2/data/xsim/xsim.ini' copied to run dir:'C:/Users/Alexandra/project_4/project_4.sim/sim_1/behav/xsim'
INFO: [SIM-utils-54] Inspecting design source files for 'tb_design_random' in fileset 'sim_1'...
INFO: [USF-XSim-97] Finding global include files...
INFO: [USF-XSim-98] Fetching design files from 'sim_1'...
INFO: [USF-XSim-2] XSim::Compile design
INFO: [USF-XSim-61] Executing 'COMPILE and ANALYZE' step in 'C:/Users/Alexandra/project_4/project_4.sim/sim_1/behav/xsim'
"xvlog --incr --relax -prj tb_design_random_vlog.prj"
ECHO is off.
ECHO is off.
INFO: [VRFC 10-2263] Analyzing Verilog file "C:/Users/Alexandra/project_4/project_4.srcs/sources_1/new/nand_module.v" into library xil_defaultlib
INFO: [VRFC 10-311] analyzing module nand_module
INFO: [VRFC 10-2263] Analyzing Verilog file "C:/Users/Alexandra/project_4/project_4.srcs/sources_1/new/xor_4.v" into library xil_defaultlib
INFO: [VRFC 10-311] analyzing module xor_4
INFO: [VRFC 10-2263] Analyzing Verilog file "C:/Users/Alexandra/project_4/project_4.srcs/sources_1/new/xor_3.v" into library xil_defaultlib
INFO: [VRFC 10-311] analyzing module xor_3
INFO: [VRFC 10-2263] Analyzing Verilog file "C:/Users/Alexandra/project_4/project_4.srcs/sources_1/new/inverter_jitter.v" into library xil_defaultlib
INFO: [VRFC 10-311] analyzing module inverter_jitter_random
INFO: [VRFC 10-2263] Analyzing Verilog file "C:/Users/Alexandra/project_4/project_4.srcs/sources_1/new/dff_module1.v" into library xil_defaultlib
INFO: [VRFC 10-311] analyzing module dff_module1
INFO: [VRFC 10-2263] Analyzing Verilog file "C:/Users/Alexandra/project_4/project_4.ip_user_files/bd/design_random/ip/design_random_nand_module_0_0/sim/design_random_nand_module_0_0.v" into library xil_defaultlib
INFO: [VRFC 10-311] analyzing module design_random_nand_module_0_0
INFO: [VRFC 10-2263] Analyzing Verilog file "C:/Users/Alexandra/project_4/project_4.ip_user_files/bd/design_random/ip/design_random_nand_module_1_0/sim/design_random_nand_module_1_0.v" into library xil_defaultlib
INFO: [VRFC 10-311] analyzing module design_random_nand_module_1_0
INFO: [VRFC 10-2263] Analyzing Verilog file "C:/Users/Alexandra/project_4/project_4.ip_user_files/bd/design_random/ip/design_random_nand_module_2_0/sim/design_random_nand_module_2_0.v" into library xil_defaultlib
INFO: [VRFC 10-311] analyzing module design_random_nand_module_2_0
INFO: [VRFC 10-2263] Analyzing Verilog file "C:/Users/Alexandra/project_4/project_4.ip_user_files/bd/design_random/ip/design_random_nand_module_3_0/sim/design_random_nand_module_3_0.v" into library xil_defaultlib
INFO: [VRFC 10-311] analyzing module design_random_nand_module_3_0
INFO: [VRFC 10-2263] Analyzing Verilog file "C:/Users/Alexandra/project_4/project_4.ip_user_files/bd/design_random/ip/design_random_xor_4_0_0/sim/design_random_xor_4_0_0.v" into library xil_defaultlib
INFO: [VRFC 10-311] analyzing module design_random_xor_4_0_0
INFO: [VRFC 10-2263] Analyzing Verilog file "C:/Users/Alexandra/project_4/project_4.ip_user_files/bd/design_random/ip/design_random_nand_module_5_0/sim/design_random_nand_module_5_0.v" into library xil_defaultlib
INFO: [VRFC 10-311] analyzing module design_random_nand_module_5_0
INFO: [VRFC 10-2263] Analyzing Verilog file "C:/Users/Alexandra/project_4/project_4.ip_user_files/bd/design_random/ip/design_random_nand_module_6_0/sim/design_random_nand_module_6_0.v" into library xil_defaultlib
INFO: [VRFC 10-311] analyzing module design_random_nand_module_6_0
INFO: [VRFC 10-2263] Analyzing Verilog file "C:/Users/Alexandra/project_4/project_4.ip_user_files/bd/design_random/ip/design_random_xor_3_0_0/sim/design_random_xor_3_0_0.v" into library xil_defaultlib
INFO: [VRFC 10-311] analyzing module design_random_xor_3_0_0
INFO: [VRFC 10-2263] Analyzing Verilog file "C:/Users/Alexandra/project_4/project_4.ip_user_files/bd/design_random/ip/design_random_inverter_jitter_rand_0_0/sim/design_random_inverter_jitter_rand_0_0.v" into library xil_defaultlib
INFO: [VRFC 10-311] analyzing module design_random_inverter_jitter_rand_0_0
INFO: [VRFC 10-2263] Analyzing Verilog file "C:/Users/Alexandra/project_4/project_4.ip_user_files/bd/design_random/ip/design_random_inverter_jitter_rand_1_0/sim/design_random_inverter_jitter_rand_1_0.v" into library xil_defaultlib
INFO: [VRFC 10-311] analyzing module design_random_inverter_jitter_rand_1_0
INFO: [VRFC 10-2263] Analyzing Verilog file "C:/Users/Alexandra/project_4/project_4.ip_user_files/bd/design_random/ip/design_random_inverter_jitter_rand_2_0/sim/design_random_inverter_jitter_rand_2_0.v" into library xil_defaultlib
INFO: [VRFC 10-311] analyzing module design_random_inverter_jitter_rand_2_0
INFO: [VRFC 10-2263] Analyzing Verilog file "C:/Users/Alexandra/project_4/project_4.ip_user_files/bd/design_random/ip/design_random_inverter_jitter_rand_3_0/sim/design_random_inverter_jitter_rand_3_0.v" into library xil_defaultlib
INFO: [VRFC 10-311] analyzing module design_random_inverter_jitter_rand_3_0
INFO: [VRFC 10-2263] Analyzing Verilog file "C:/Users/Alexandra/project_4/project_4.ip_user_files/bd/design_random/ip/design_random_inverter_jitter_rand_4_0/sim/design_random_inverter_jitter_rand_4_0.v" into library xil_defaultlib
INFO: [VRFC 10-311] analyzing module design_random_inverter_jitter_rand_4_0
INFO: [VRFC 10-2263] Analyzing Verilog file "C:/Users/Alexandra/project_4/project_4.ip_user_files/bd/design_random/ip/design_random_inverter_jitter_rand_5_0/sim/design_random_inverter_jitter_rand_5_0.v" into library xil_defaultlib
INFO: [VRFC 10-311] analyzing module design_random_inverter_jitter_rand_5_0
INFO: [VRFC 10-2263] Analyzing Verilog file "C:/Users/Alexandra/project_4/project_4.ip_user_files/bd/design_random/ip/design_random_inverter_jitter_rand_6_0/sim/design_random_inverter_jitter_rand_6_0.v" into library xil_defaultlib
INFO: [VRFC 10-311] analyzing module design_random_inverter_jitter_rand_6_0
INFO: [VRFC 10-2263] Analyzing Verilog file "C:/Users/Alexandra/project_4/project_4.ip_user_files/bd/design_random/ip/design_random_inverter_jitter_rand_7_0/sim/design_random_inverter_jitter_rand_7_0.v" into library xil_defaultlib
INFO: [VRFC 10-311] analyzing module design_random_inverter_jitter_rand_7_0
INFO: [VRFC 10-2263] Analyzing Verilog file "C:/Users/Alexandra/project_4/project_4.ip_user_files/bd/design_random/ip/design_random_inverter_jitter_rand_8_0/sim/design_random_inverter_jitter_rand_8_0.v" into library xil_defaultlib
INFO: [VRFC 10-311] analyzing module design_random_inverter_jitter_rand_8_0
INFO: [VRFC 10-2263] Analyzing Verilog file "C:/Users/Alexandra/project_4/project_4.ip_user_files/bd/design_random/ip/design_random_inverter_jitter_rand_9_0/sim/design_random_inverter_jitter_rand_9_0.v" into library xil_defaultlib
INFO: [VRFC 10-311] analyzing module design_random_inverter_jitter_rand_9_0
INFO: [VRFC 10-2263] Analyzing Verilog file "C:/Users/Alexandra/project_4/project_4.ip_user_files/bd/design_random/ip/design_random_inverter_jitter_rand_10_0/sim/design_random_inverter_jitter_rand_10_0.v" into library xil_defaultlib
INFO: [VRFC 10-311] analyzing module design_random_inverter_jitter_rand_10_0
INFO: [VRFC 10-2263] Analyzing Verilog file "C:/Users/Alexandra/project_4/project_4.ip_user_files/bd/design_random/ip/design_random_inverter_jitter_rand_11_0/sim/design_random_inverter_jitter_rand_11_0.v" into library xil_defaultlib
INFO: [VRFC 10-311] analyzing module design_random_inverter_jitter_rand_11_0
INFO: [VRFC 10-2263] Analyzing Verilog file "C:/Users/Alexandra/project_4/project_4.ip_user_files/bd/design_random/ip/design_random_inverter_jitter_rand_12_0/sim/design_random_inverter_jitter_rand_12_0.v" into library xil_defaultlib
INFO: [VRFC 10-311] analyzing module design_random_inverter_jitter_rand_12_0
INFO: [VRFC 10-2263] Analyzing Verilog file "C:/Users/Alexandra/project_4/project_4.ip_user_files/bd/design_random/ip/design_random_dff_module1_0_0/sim/design_random_dff_module1_0_0.v" into library xil_defaultlib
INFO: [VRFC 10-311] analyzing module design_random_dff_module1_0_0
INFO: [VRFC 10-2263] Analyzing Verilog file "C:/Users/Alexandra/project_4/project_4.ip_user_files/bd/design_random/ip/design_random_dff_module1_1_0/sim/design_random_dff_module1_1_0.v" into library xil_defaultlib
INFO: [VRFC 10-311] analyzing module design_random_dff_module1_1_0
INFO: [VRFC 10-2263] Analyzing Verilog file "C:/Users/Alexandra/project_4/project_4.ip_user_files/bd/design_random/ip/design_random_dff_module1_2_0/sim/design_random_dff_module1_2_0.v" into library xil_defaultlib
INFO: [VRFC 10-311] analyzing module design_random_dff_module1_2_0
INFO: [VRFC 10-2263] Analyzing Verilog file "C:/Users/Alexandra/project_4/project_4.ip_user_files/bd/design_random/ip/design_random_dff_module1_3_0/sim/design_random_dff_module1_3_0.v" into library xil_defaultlib
INFO: [VRFC 10-311] analyzing module design_random_dff_module1_3_0
INFO: [VRFC 10-2263] Analyzing Verilog file "C:/Users/Alexandra/project_4/project_4.ip_user_files/bd/design_random/ip/design_random_dff_module1_4_0/sim/design_random_dff_module1_4_0.v" into library xil_defaultlib
INFO: [VRFC 10-311] analyzing module design_random_dff_module1_4_0
INFO: [VRFC 10-2263] Analyzing Verilog file "C:/Users/Alexandra/project_4/project_4.ip_user_files/bd/design_random/ip/design_random_dff_module1_5_0/sim/design_random_dff_module1_5_0.v" into library xil_defaultlib
INFO: [VRFC 10-311] analyzing module design_random_dff_module1_5_0
INFO: [VRFC 10-2263] Analyzing Verilog file "C:/Users/Alexandra/project_4/project_4.ip_user_files/bd/design_random/ip/design_random_dff_module1_6_0/sim/design_random_dff_module1_6_0.v" into library xil_defaultlib
INFO: [VRFC 10-311] analyzing module design_random_dff_module1_6_0
INFO: [VRFC 10-2263] Analyzing Verilog file "C:/Users/Alexandra/project_4/project_4.ip_user_files/bd/design_random/sim/design_random.v" into library xil_defaultlib
INFO: [VRFC 10-311] analyzing module design_random
INFO: [VRFC 10-2263] Analyzing Verilog file "C:/Users/Alexandra/project_4/project_4.gen/sources_1/bd/design_random/hdl/design_random_wrapper.v" into library xil_defaultlib
INFO: [VRFC 10-311] analyzing module design_random_wrapper
INFO: [VRFC 10-2263] Analyzing Verilog file "C:/Users/Alexandra/project_4/project_4.srcs/sim_1/new/tb_design_random.v" into library xil_defaultlib
INFO: [VRFC 10-311] analyzing module tb_design_random
INFO: [VRFC 10-2263] Analyzing Verilog file "C:/Users/Alexandra/project_4/project_4.sim/sim_1/behav/xsim/glbl.v" into library xil_defaultlib
INFO: [VRFC 10-311] analyzing module glbl
run_program: Time (s): cpu = 00:00:02 ; elapsed = 00:00:05 . Memory (MB): peak = 1484.230 ; gain = 12.324
INFO: [USF-XSim-69] 'compile' step finished in '5' seconds
INFO: [USF-XSim-3] XSim::Elaborate design
INFO: [USF-XSim-61] Executing 'ELABORATE' step in 'C:/Users/Alexandra/project_4/project_4.sim/sim_1/behav/xsim'
"xelab --incr --debug typical --relax --mt 2 -L xil_defaultlib -L unisims_ver -L unimacro_ver -L secureip -L xpm --snapshot tb_design_random_behav xil_defaultlib.tb_design_random xil_defaultlib.glbl -log elaborate.log"
ECHO is off.
ECHO is off.
Vivado Simulator v2023.2
Copyright 1986-2022 Xilinx, Inc. All Rights Reserved.
Copyright 2022-2023 Advanced Micro Devices, Inc. All Rights Reserved.
Running: C:/Xilinx/Vivado/2023.2/bin/unwrapped/win64.o/xelab.exe --incr --debug typical --relax --mt 2 -L xil_defaultlib -L unisims_ver -L unimacro_ver -L secureip -L xpm --snapshot tb_design_random_behav xil_defaultlib.tb_design_random xil_defaultlib.glbl -log elaborate.log 
Using 2 slave threads.
Starting static elaboration
Pass Through NonSizing Optimizer
Completed static elaboration
Starting simulation data flow analysis
Completed simulation data flow analysis
Time Resolution for simulation is 1ps
Compiling module xil_defaultlib.dff_module1
Compiling module xil_defaultlib.design_random_dff_module1_0_0
Compiling module xil_defaultlib.design_random_dff_module1_1_0
Compiling module xil_defaultlib.design_random_dff_module1_2_0
Compiling module xil_defaultlib.design_random_dff_module1_3_0
Compiling module xil_defaultlib.design_random_dff_module1_4_0
Compiling module xil_defaultlib.design_random_dff_module1_5_0
Compiling module xil_defaultlib.design_random_dff_module1_6_0
Compiling module xil_defaultlib.inverter_jitter_random
Compiling module xil_defaultlib.design_random_inverter_jitter_ra...
Compiling module xil_defaultlib.design_random_inverter_jitter_ra...
Compiling module xil_defaultlib.design_random_inverter_jitter_ra...
Compiling module xil_defaultlib.design_random_inverter_jitter_ra...
Compiling module xil_defaultlib.design_random_inverter_jitter_ra...
Compiling module xil_defaultlib.design_random_inverter_jitter_ra...
Compiling module xil_defaultlib.design_random_inverter_jitter_ra...
Compiling module xil_defaultlib.design_random_inverter_jitter_ra...
Compiling module xil_defaultlib.design_random_inverter_jitter_ra...
Compiling module xil_defaultlib.design_random_inverter_jitter_ra...
Compiling module xil_defaultlib.design_random_inverter_jitter_ra...
Compiling module xil_defaultlib.design_random_inverter_jitter_ra...
Compiling module xil_defaultlib.design_random_inverter_jitter_ra...
Compiling module xil_defaultlib.nand_module
Compiling module xil_defaultlib.design_random_nand_module_0_0
Compiling module xil_defaultlib.design_random_nand_module_1_0
Compiling module xil_defaultlib.design_random_nand_module_2_0
Compiling module xil_defaultlib.design_random_nand_module_3_0
Compiling module xil_defaultlib.design_random_nand_module_5_0
Compiling module xil_defaultlib.design_random_nand_module_6_0
Compiling module xil_defaultlib.xor_3
Compiling module xil_defaultlib.design_random_xor_3_0_0
Compiling module xil_defaultlib.xor_4
Compiling module xil_defaultlib.design_random_xor_4_0_0
Compiling module xil_defaultlib.design_random
Compiling module xil_defaultlib.design_random_wrapper
Compiling module xil_defaultlib.tb_design_random
Compiling module xil_defaultlib.glbl
Built simulation snapshot tb_design_random_behav
run_program: Time (s): cpu = 00:00:00 ; elapsed = 00:00:08 . Memory (MB): peak = 1484.230 ; gain = 0.000
INFO: [USF-XSim-69] 'elaborate' step finished in '7' seconds
INFO: [USF-XSim-4] XSim::Simulate design
INFO: [USF-XSim-61] Executing 'SIMULATE' step in 'C:/Users/Alexandra/project_4/project_4.sim/sim_1/behav/xsim'
INFO: [USF-XSim-98] *** Running xsim
   with args "tb_design_random_behav -key {Behavioral:sim_1:Functional:tb_design_random} -tclbatch {tb_design_random.tcl} -protoinst "protoinst_files/design_random.protoinst" -log {simulate.log}"
INFO: [USF-XSim-8] Loading simulator feature
INFO: [Wavedata 42-565] Reading protoinst file protoinst_files/design_random.protoinst
Time resolution is 1 ps
source tb_design_random.tcl
# set curr_wave [current_wave_config]
# if { [string length $curr_wave] == 0 } {
#   if { [llength [get_objects]] > 0} {
#     add_wave /
#     set_property needs_save false [current_wave_config]
#   } else {
#      send_msg_id Add_Wave-1 WARNING "No top level signals found. Simulator will start without a wave window. If you want to open a wave window go to 'File->New Waveform Configuration' or type 'create_wave_config' in the TCL console."
#   }
# }
# run 1000ns
INFO: [USF-XSim-96] XSim completed. Design snapshot 'tb_design_random_behav' loaded.
INFO: [USF-XSim-97] XSim simulation ran for 1000ns
launch_simulation: Time (s): cpu = 00:00:09 ; elapsed = 00:00:18 . Memory (MB): peak = 1515.301 ; gain = 50.176
restart
INFO: [Wavedata 42-604] Simulation restarted
run 1000000000ns
DONE: random_bytes.txt generat
$finish called at time : 80000095 ns : File "C:/Users/Alexandra/project_4/project_4.srcs/sim_1/new/tb_design_random.v" Line 75
run: Time (s): cpu = 00:00:41 ; elapsed = 00:00:40 . Memory (MB): peak = 1515.301 ; gain = 0.000
close_sim
INFO: xsimkernel Simulation Memory Usage: 19188 KB (Peak: 19188 KB), Simulation CPU Usage: 22514 ms
INFO: [Simtcl 6-16] Simulation closed
exit
INFO: [Common 17-206] Exiting Vivado at Thu Dec 18 18:29:13 2025...
